Archive member included to satisfy reference by file (symbol)

C:/CLionToolchains/gcc-arm-none-eabi-10.3-2021.10/bin/../lib/gcc/arm-none-eabi/13.3.1/thumb/v7e-m+fp/hard\libgcc.a(_arm_addsubdf3.o)
                              CMakeFiles/dm_h723_lib.elf.dir/code_mf/Src/GET_TARGET_ABSC.c.obj (__aeabi_dsub)
C:/CLionToolchains/gcc-arm-none-eabi-10.3-2021.10/bin/../lib/gcc/arm-none-eabi/13.3.1/thumb/v7e-m+fp/hard\libgcc.a(_arm_truncdfsf2.o)
                              CMakeFiles/dm_h723_lib.elf.dir/code_mf/Src/CHASSIS_TASK.c.obj (__aeabi_d2f)
C:/CLionToolchains/gcc-arm-none-eabi-10.3-2021.10/bin/../lib/gcc/arm-none-eabi/13.3.1/thumb/v7e-m+fp/hard\libgcc.a(_aeabi_uldivmod.o)
                              CMakeFiles/dm_h723_lib.elf.dir/Drivers/STM32H7xx_HAL_Driver/Src/stm32h7xx_hal_uart.c.obj (__aeabi_uldivmod)
C:/CLionToolchains/gcc-arm-none-eabi-10.3-2021.10/bin/../lib/gcc/arm-none-eabi/13.3.1/thumb/v7e-m+fp/hard\libgcc.a(_udivmoddi4.o)
                              C:/CLionToolchains/gcc-arm-none-eabi-10.3-2021.10/bin/../lib/gcc/arm-none-eabi/13.3.1/thumb/v7e-m+fp/hard\libgcc.a(_aeabi_uldivmod.o) (__udivmoddi4)
C:/CLionToolchains/gcc-arm-none-eabi-10.3-2021.10/bin/../lib/gcc/arm-none-eabi/13.3.1/thumb/v7e-m+fp/hard\libgcc.a(_dvmd_tls.o)
                              C:/CLionToolchains/gcc-arm-none-eabi-10.3-2021.10/bin/../lib/gcc/arm-none-eabi/13.3.1/thumb/v7e-m+fp/hard\libgcc.a(_aeabi_uldivmod.o) (__aeabi_ldiv0)
C:/CLionToolchains/gcc-arm-none-eabi-10.3-2021.10/bin/../lib/gcc/arm-none-eabi/13.3.1/thumb/v7e-m+fp/hard\libg.a(libc_a-exit.o)
                              C:/CLionToolchains/gcc-arm-none-eabi-10.3-2021.10/bin/../lib/gcc/arm-none-eabi/13.3.1/thumb/v7e-m+fp/hard/crt0.o (exit)
C:/CLionToolchains/gcc-arm-none-eabi-10.3-2021.10/bin/../lib/gcc/arm-none-eabi/13.3.1/thumb/v7e-m+fp/hard\libg.a(libc_a-findfp.o)
                              CMakeFiles/dm_h723_lib.elf.dir/Middlewares/Third_Party/FreeRTOS/Source/tasks.c.obj (__sf)
C:/CLionToolchains/gcc-arm-none-eabi-10.3-2021.10/bin/../lib/gcc/arm-none-eabi/13.3.1/thumb/v7e-m+fp/hard\libg.a(libc_a-fwalk.o)
                              C:/CLionToolchains/gcc-arm-none-eabi-10.3-2021.10/bin/../lib/gcc/arm-none-eabi/13.3.1/thumb/v7e-m+fp/hard\libg.a(libc_a-findfp.o) (_fwalk_sglue)
C:/CLionToolchains/gcc-arm-none-eabi-10.3-2021.10/bin/../lib/gcc/arm-none-eabi/13.3.1/thumb/v7e-m+fp/hard\libg.a(libc_a-stdio.o)
                              C:/CLionToolchains/gcc-arm-none-eabi-10.3-2021.10/bin/../lib/gcc/arm-none-eabi/13.3.1/thumb/v7e-m+fp/hard\libg.a(libc_a-findfp.o) (__sread)
C:/CLionToolchains/gcc-arm-none-eabi-10.3-2021.10/bin/../lib/gcc/arm-none-eabi/13.3.1/thumb/v7e-m+fp/hard\libg.a(libc_a-vsprintf.o)
                              CMakeFiles/dm_h723_lib.elf.dir/code_mf/Src/uart_printf.c.obj (vsprintf)
C:/CLionToolchains/gcc-arm-none-eabi-10.3-2021.10/bin/../lib/gcc/arm-none-eabi/13.3.1/thumb/v7e-m+fp/hard\libg.a(libc_a-memset.o)
                              C:/CLionToolchains/gcc-arm-none-eabi-10.3-2021.10/bin/../lib/gcc/arm-none-eabi/13.3.1/thumb/v7e-m+fp/hard/crt0.o (memset)
C:/CLionToolchains/gcc-arm-none-eabi-10.3-2021.10/bin/../lib/gcc/arm-none-eabi/13.3.1/thumb/v7e-m+fp/hard\libg.a(libc_a-closer.o)
                              C:/CLionToolchains/gcc-arm-none-eabi-10.3-2021.10/bin/../lib/gcc/arm-none-eabi/13.3.1/thumb/v7e-m+fp/hard\libg.a(libc_a-stdio.o) (_close_r)
C:/CLionToolchains/gcc-arm-none-eabi-10.3-2021.10/bin/../lib/gcc/arm-none-eabi/13.3.1/thumb/v7e-m+fp/hard\libg.a(libc_a-reent.o)
                              CMakeFiles/dm_h723_lib.elf.dir/Middlewares/Third_Party/FreeRTOS/Source/tasks.c.obj (_reclaim_reent)
C:/CLionToolchains/gcc-arm-none-eabi-10.3-2021.10/bin/../lib/gcc/arm-none-eabi/13.3.1/thumb/v7e-m+fp/hard\libg.a(libc_a-impure.o)
                              CMakeFiles/dm_h723_lib.elf.dir/Middlewares/Third_Party/FreeRTOS/Source/tasks.c.obj (_impure_ptr)
C:/CLionToolchains/gcc-arm-none-eabi-10.3-2021.10/bin/../lib/gcc/arm-none-eabi/13.3.1/thumb/v7e-m+fp/hard\libg.a(libc_a-lseekr.o)
                              C:/CLionToolchains/gcc-arm-none-eabi-10.3-2021.10/bin/../lib/gcc/arm-none-eabi/13.3.1/thumb/v7e-m+fp/hard\libg.a(libc_a-stdio.o) (_lseek_r)
C:/CLionToolchains/gcc-arm-none-eabi-10.3-2021.10/bin/../lib/gcc/arm-none-eabi/13.3.1/thumb/v7e-m+fp/hard\libg.a(libc_a-readr.o)
                              C:/CLionToolchains/gcc-arm-none-eabi-10.3-2021.10/bin/../lib/gcc/arm-none-eabi/13.3.1/thumb/v7e-m+fp/hard\libg.a(libc_a-stdio.o) (_read_r)
C:/CLionToolchains/gcc-arm-none-eabi-10.3-2021.10/bin/../lib/gcc/arm-none-eabi/13.3.1/thumb/v7e-m+fp/hard\libg.a(libc_a-writer.o)
                              C:/CLionToolchains/gcc-arm-none-eabi-10.3-2021.10/bin/../lib/gcc/arm-none-eabi/13.3.1/thumb/v7e-m+fp/hard\libg.a(libc_a-stdio.o) (_write_r)
C:/CLionToolchains/gcc-arm-none-eabi-10.3-2021.10/bin/../lib/gcc/arm-none-eabi/13.3.1/thumb/v7e-m+fp/hard\libg.a(libc_a-errno.o)
[...]
Memory Configuration

Name             Origin             Length             Attributes
ITCMRAM          0x00000000         0x00010000         xrw
DTCMRAM          0x20000000         0x00020000         xrw
FLASH            0x08000000         0x00100000         xr
RAM_D1           0x24000000         0x00050000         xrw
RAM_D2           0x30000000         0x00008000         xrw
RAM_D3           0x38000000         0x00004000         xrw
*default*        0x00000000         0xffffffff

Linker script and memory map

LOAD C:/CLionToolchains/gcc-arm-none-eabi-10.3-2021.10/bin/../lib/gcc/arm-none-eabi/13.3.1/thumb/v7e-m+fp/hard/crti.o
LOAD C:/CLionToolchains/gcc-arm-none-eabi-10.3-2021.10/bin/../lib/gcc/arm-none-eabi/13.3.1/thumb/v7e-m+fp/hard/crtbegin.o
LOAD C:/CLionToolchains/gcc-arm-none-eabi-10.3-2021.10/bin/../lib/gcc/arm-none-eabi/13.3.1/thumb/v7e-m+fp/hard/crt0.o
LOAD CMakeFiles/dm_h723_lib.elf.dir/Core/Src/dma.c.obj
LOAD CMakeFiles/dm_h723_lib.elf.dir/Core/Src/fdcan.c.obj
LOAD CMakeFiles/dm_h723_lib.elf.dir/Core/Src/freertos.c.obj
LOAD CMakeFiles/dm_h723_lib.elf.dir/Core/Src/gpio.c.obj
LOAD CMakeFiles/dm_h723_lib.elf.dir/Core/Src/main.c.obj
LOAD CMakeFiles/dm_h723_lib.elf.dir/Core/Src/spi.c.obj
LOAD CMakeFiles/dm_h723_lib.elf.dir/Core/Src/stm32h7xx_hal_msp.c.obj
LOAD CMakeFiles/dm_h723_lib.elf.dir/Core/Src/stm32h7xx_hal_timebase_tim.c.obj
LOAD CMakeFiles/dm_h723_lib.elf.dir/Core/Src/stm32h7xx_it.c.obj
LOAD CMakeFiles/dm_h723_lib.elf.dir/Core/Src/syscalls.c.obj
LOAD CMakeFiles/dm_h723_lib.elf.dir/Core/Src/sysmem.c.obj
LOAD CMakeFiles/dm_h723_lib.elf.dir/Core/Src/system_stm32h7xx.c.obj
LOAD CMakeFiles/dm_h723_lib.elf.dir/Core/Src/usart.c.obj
LOAD CMakeFiles/dm_h723_lib.elf.dir/Core/Startup/startup_stm32h723vgtx.s.obj
LOAD CMakeFiles/dm_h723_lib.elf.dir/Drivers/STM32H7xx_HAL_Driver/Src/stm32h7xx_hal.c.obj
LOAD CMakeFiles/dm_h723_lib.elf.dir/Drivers/STM32H7xx_HAL_Driver/Src/stm32h7xx_hal_cortex.c.obj
LOAD CMakeFiles/dm_h723_lib.elf.dir/Drivers/STM32H7xx_HAL_Driver/Src/stm32h7xx_hal_dma.c.obj
LOAD CMakeFiles/dm_h723_lib.elf.dir/Drivers/STM32H7xx_HAL_Driver/Src/stm32h7xx_hal_dma_ex.c.obj
LOAD CMakeFiles/dm_h723_lib.elf.dir/Drivers/STM32H7xx_HAL_Driver/Src/stm32h7xx_hal_exti.c.obj
LOAD CMakeFiles/dm_h723_lib.elf.dir/Drivers/STM32H7xx_HAL_Driver/Src/stm32h7xx_hal_fdcan.c.obj
LOAD CMakeFiles/dm_h723_lib.elf.dir/Drivers/STM32H7xx_HAL_Driver/Src/stm32h7xx_hal_flash.c.obj
LOAD CMakeFiles/dm_h723_lib.elf.dir/Drivers/STM32H7xx_HAL_Driver/Src/stm32h7xx_hal_flash_ex.c.obj
LOAD CMakeFiles/dm_h723_lib.elf.dir/Drivers/STM32H7xx_HAL_Driver/Src/stm32h7xx_hal_gpio.c.obj
LOAD CMakeFiles/dm_h723_lib.elf.dir/Drivers/STM32H7xx_HAL_Driver/Src/stm32h7xx_hal_hsem.c.obj
LOAD CMakeFiles/dm_h723_lib.elf.dir/Drivers/STM32H7xx_HAL_Driver/Src/stm32h7xx_hal_i2c.c.obj
LOAD CMakeFiles/dm_h723_lib.elf.dir/Drivers/STM32H7xx_HAL_Driver/Src/stm32h7xx_hal_i2c_ex.c.obj
LOAD CMakeFiles/dm_h723_lib.elf.dir/Drivers/STM32H7xx_HAL_Driver/Src/stm32h7xx_hal_mdma.c.obj
LOAD CMakeFiles/dm_h723_lib.elf.dir/Drivers/STM32H7xx_HAL_Driver/Src/stm32h7xx_hal_pwr.c.obj
LOAD CMakeFiles/dm_h723_lib.elf.dir/Drivers/STM32H7xx_HAL_Driver/Src/stm32h7xx_hal_pwr_ex.c.obj
LOAD CMakeFiles/dm_h723_lib.elf.dir/Drivers/STM32H7xx_HAL_Driver/Src/stm32h7xx_hal_rcc.c.obj
LOAD CMakeFiles/dm_h723_lib.elf.dir/Drivers/STM32H7xx_HAL_Driver/Src/stm32h7xx_hal_rcc_ex.c.obj
LOAD CMakeFiles/dm_h723_lib.elf.dir/Drivers/STM32H7xx_HAL_Driver/Src/stm32h7xx_hal_spi.c.obj
LOAD CMakeFiles/dm_h723_lib.elf.dir/Drivers/STM32H7xx_HAL_Driver/Src/stm32h7xx_hal_spi_ex.c.obj
LOAD CMakeFiles/dm_h723_lib.elf.dir/Drivers/STM32H7xx_HAL_Driver/Src/stm32h7xx_hal_tim.c.obj
LOAD CMakeFiles/dm_h723_lib.elf.dir/Drivers/STM32H7xx_HAL_Driver/Src/stm32h7xx_hal_tim_ex.c.obj
LOAD CMakeFiles/dm_h723_lib.elf.dir/Drivers/STM32H7xx_HAL_Driver/Src/stm32h7xx_hal_uart.c.obj
LOAD CMakeFiles/dm_h723_lib.elf.dir/Drivers/STM32H7xx_HAL_Driver/Src/stm32h7xx_hal_uart_ex.c.obj
LOAD CMakeFiles/dm_h723_lib.elf.dir/Middlewares/Third_Party/FreeRTOS/Source/CMSIS_RTOS/cmsis_os.c.obj
LOAD CMakeFiles/dm_h723_lib.elf.dir/Middlewares/Third_Party/FreeRTOS/Source/croutine.c.obj
LOAD CMakeFiles/dm_h723_lib.elf.dir/Middlewares/Third_Party/FreeRTOS/Source/event_groups.c.obj
LOAD CMakeFiles/dm_h723_lib.elf.dir/Middlewares/Third_Party/FreeRTOS/Source/list.c.obj
LOAD CMakeFiles/dm_h723_lib.elf.dir/Middlewares/Third_Party/FreeRTOS/Source/portable/GCC/ARM_CM4F/port.c.obj
LOAD CMakeFiles/dm_h723_lib.elf.dir/Middlewares/Third_Party/FreeRTOS/Source/portable/MemMang/heap_4.c.obj
LOAD CMakeFiles/dm_h723_lib.elf.dir/Middlewares/Third_Party/FreeRTOS/Source/queue.c.obj
LOAD CMakeFiles/dm_h723_lib.elf.dir/Middlewares/Third_Party/FreeRTOS/Source/stream_buffer.c.obj
LOAD CMakeFiles/dm_h723_lib.elf.dir/Middlewares/Third_Party/FreeRTOS/Source/tasks.c.obj
LOAD CMakeFiles/dm_h723_lib.elf.dir/Middlewares/Third_Party/FreeRTOS/Source/timers.c.obj
LOAD CMakeFiles/dm_h723_lib.elf.dir/code_mf/Src/ABSC_GET_TASK.c.obj
LOAD CMakeFiles/dm_h723_lib.elf.dir/code_mf/Src/BMI088Middleware.c.obj
LOAD CMakeFiles/dm_h723_lib.elf.dir/code_mf/Src/BMI088driver.c.obj
LOAD CMakeFiles/dm_h723_lib.elf.dir/code_mf/Src/CALL_BACK.c.obj
LOAD CMakeFiles/dm_h723_lib.elf.dir/code_mf/Src/CAN_SENT_TASK.c.obj
LOAD CMakeFiles/dm_h723_lib.elf.dir/code_mf/Src/CHASSIS_TASK.c.obj
LOAD CMakeFiles/dm_h723_lib.elf.dir/code_mf/Src/DEBUG_UART_TASK.c.obj
LOAD CMakeFiles/dm_h723_lib.elf.dir/code_mf/Src/DJI_motors.c.obj
LOAD CMakeFiles/dm_h723_lib.elf.dir/code_mf/Src/GET_RC_TASK.c.obj
LOAD CMakeFiles/dm_h723_lib.elf.dir/code_mf/Src/GET_TARGET_ABSC.c.obj
LOAD CMakeFiles/dm_h723_lib.elf.dir/code_mf/Src/IMU_DATA_GET.c.obj
LOAD CMakeFiles/dm_h723_lib.elf.dir/code_mf/Src/LED_TASK.c.obj
LOAD CMakeFiles/dm_h723_lib.elf.dir/code_mf/Src/MOTOR_PID_TASK.c.obj
LOAD CMakeFiles/dm_h723_lib.elf.dir/code_mf/Src/MahonyAHRS.c.obj
LOAD CMakeFiles/dm_h723_lib.elf.dir/code_mf/Src/bsp_can.c.obj
LOAD CMakeFiles/dm_h723_lib.elf.dir/code_mf/Src/can_receive.c.obj
LOAD CMakeFiles/dm_h723_lib.elf.dir/code_mf/Src/dm_motor.c.obj
LOAD CMakeFiles/dm_h723_lib.elf.dir/code_mf/Src/pid.c.obj
LOAD CMakeFiles/dm_h723_lib.elf.dir/code_mf/Src/remote_control.c.obj
LOAD CMakeFiles/dm_h723_lib.elf.dir/code_mf/Src/uart_printf.c.obj
LOAD CMakeFiles/dm_h723_lib.elf.dir/code_mf/Src/ws2812.c.obj
START GROUP
LOAD C:/CLionToolchains/gcc-arm-none-eabi-10.3-2021.10/bin/../lib/gcc/arm-none-eabi/13.3.1/thumb/v7e-m+fp/hard\libgcc.a
LOAD C:/CLionToolchains/gcc-arm-none-eabi-10.3-2021.10/bin/../lib/gcc/arm-none-eabi/13.3.1/thumb/v7e-m+fp/hard\libg.a
LOAD C:/CLionToolchains/gcc-arm-none-eabi-10.3-2021.10/bin/../lib/gcc/arm-none-eabi/13.3.1/thumb/v7e-m+fp/hard\libc.a
END GROUP
LOAD C:/CLionToolchains/gcc-arm-none-eabi-10.3-2021.10/bin/../lib/gcc/arm-none-eabi/13.3.1/thumb/v7e-m+fp/hard/crtend.o
LOAD C:/CLionToolchains/gcc-arm-none-eabi-10.3-2021.10/bin/../lib/gcc/arm-none-eabi/13.3.1/thumb/v7e-m+fp/hard/crtn.o
                0x24050000                        _estack = (ORIGIN (RAM_D1) + LENGTH (RAM_D1))
                0x00000200                        _Min_Heap_Size = 0x200
                0x00000400                        _Min_Stack_Size = 0x400

.isr_vector     0x08000000      0x2cc
                0x08000000                        . = ALIGN (0x4)
 *(.isr_vector)
 .isr_vector    0x08000000      0x2cc CMakeFiles/dm_h723_lib.elf.dir/Core/Startup/startup_stm32h723vgtx.s.obj
                0x08000000                g_pfnVectors
                0x080002cc                        . = ALIGN (0x4)

.text           0x08000300    0x138b4
                0x08000300                        . = ALIGN (0x4)
 *(.text)
 .text          0x08000300      0x378 C:/CLionToolchains/gcc-arm-none-eabi-10.3-2021.10/bin/../lib/gcc/arm-none-eabi/13.3.1/thumb/v7e-m+fp/hard\libgcc.a(_arm_addsubdf3.o)
                0x08000300                __aeabi_drsub
                0x08000308                __aeabi_dsub
                0x08000308                __subdf3
                0x0800030c                __aeabi_dadd
                0x0800030c                __adddf3
                0x08000584                __floatunsidf
                0x08000584                __aeabi_ui2d
                0x080005a4                __floatsidf
                0x080005a4                __aeabi_i2d
                0x080005c8                __aeabi_f2d
                0x080005c8                __extendsfdf2
                0x0800060c                __floatundidf
                0x0800060c                __aeabi_ul2d
                0x0800061c                __floatdidf
                0x0800061c                __aeabi_l2d
 .text          0x08000678       0xa0 C:/CLionToolchains/gcc-arm-none-eabi-10.3-2021.10/bin/../lib/gcc/arm-none-eabi/13.3.1/thumb/v7e-m+fp/hard\libgcc.a(_arm_truncdfsf2.o)
                0x08000678                __truncdfsf2
                0x08000678                __aeabi_d2f
 .text          0x08000718       0x30 C:/CLionToolchains/gcc-arm-none-eabi-10.3-2021.10/bin/../lib/gcc/arm-none-eabi/13.3.1/thumb/v7e-m+fp/hard\libgcc.a(_aeabi_uldivmod.o)
                0x08000718                __aeabi_uldivmod
 .text          0x08000748        0x4 C:/CLionToolchains/gcc-arm-none-eabi-10.3-2021.10/bin/../lib/gcc/arm-none-eabi/13.3.1/thumb/v7e-m+fp/hard\libgcc.a(_dvmd_tls.o)
                0x08000748                __aeabi_idiv0
                0x08000748                __aeabi_ldiv0
 .text          0x0800074c      0x134 C:/CLionToolchains/gcc-arm-none-eabi-10.3-2021.10/bin/../lib/gcc/arm-none-eabi/13.3.1/thumb/v7e-m+fp/hard\libg.a(libc_a-memcpy.o)
                0x0800074c                memcpy
 .text          0x08000880       0xa0 C:/CLionToolchains/gcc-arm-none-eabi-10.3-2021.10/bin/../lib/gcc/arm-none-eabi/13.3.1/thumb/v7e-m+fp/hard\libg.a(libc_a-memchr.o)
                0x08000880                memchr
 *fill*         0x08000920       0x20 
 .text          0x08000940       0xd8 C:/CLionToolchains/gcc-arm-none-eabi-10.3-2021.10/bin/../lib/gcc/arm-none-eabi/13.3.1/thumb/v7e-m+fp/hard\libg.a(libc_a-strlen.o)
                0x08000940                strlen
 .text          0x08000a18      0x424 C:/CLionToolchains/gcc-arm-none-eabi-10.3-2021.10/bin/../lib/gcc/arm-none-eabi/13.3.1/thumb/v7e-m+fp/hard\libgcc.a(_arm_muldivdf3.o)
                0x08000a18                __aeabi_dmul
                0x08000a18                __muldf3
                0x08000c6c                __divdf3
                0x08000c6c                __aeabi_ddiv
 .text          0x08000e3c      0x110 C:/CLionToolchains/gcc-arm-none-eabi-10.3-2021.10/bin/../lib/gcc/arm-none-eabi/13.3.1/thumb/v7e-m+fp/hard\libgcc.a(_arm_cmpdf2.o)
                0x08000e3c                __gtdf2
                0x08000e3c                __gedf2
                0x08000e44                __ltdf2
                0x08000e44                __ledf2
                0x08000e4c                __nedf2
                0x08000e4c                __eqdf2
                0x08000e4c                __cmpdf2
                0x08000ec8                __aeabi_cdrcmple
                0x08000ed8                __aeabi_cdcmpeq
                0x08000ed8                __aeabi_cdcmple
                0x08000ee8                __aeabi_dcmpeq
                0x08000efc                __aeabi_dcmplt
                0x08000f10                __aeabi_dcmple
                0x08000f24                __aeabi_dcmpge
                0x08000f38                __aeabi_dcmpgt
 .text          0x08000f4c       0x2c C:/CLionToolchains/gcc-arm-none-eabi-10.3-2021.10/bin/../lib/gcc/arm-none-eabi/13.3.1/thumb/v7e-m+fp/hard\libgcc.a(_arm_unorddf2.o)
                0x08000f4c                __unorddf2
                0x08000f4c                __aeabi_dcmpun
 .text          0x08000f78       0x50 C:/CLionToolchains/gcc-arm-none-eabi-10.3-2021.10/bin/../lib/gcc/arm-none-eabi/13.3.1/thumb/v7e-m+fp/hard\libgcc.a(_arm_fixdfsi.o)
                0x08000f78                __aeabi_d2iz
                0x08000f78                __fixdfsi
 *(.text*)
 .text.deregister_tm_clones
                0x08000fc8       0x1c C:/CLionToolchains/gcc-arm-none-eabi-10.3-2021.10/bin/../lib/gcc/arm-none-eabi/13.3.1/thumb/v7e-m+fp/hard/crtbegin.o
 .text.register_tm_clones
                0x08000fe4       0x24 C:/CLionToolchains/gcc-arm-none-eabi-10.3-2021.10/bin/../lib/gcc/arm-none-eabi/13.3.1/thumb/v7e-m+fp/hard/crtbegin.o
 .text.__do_global_dtors_aux
                0x08001008       0x28 C:/CLionToolchains/gcc-arm-none-eabi-10.3-2021.10/bin/../lib/gcc/arm-none-eabi/13.3.1/thumb/v7e-m+fp/hard/crtbegin.o
 .text.frame_dummy
                0x08001030       0x24 C:/CLionToolchains/gcc-arm-none-eabi-10.3-2021.10/bin/../lib/gcc/arm-none-eabi/13.3.1/thumb/v7e-m+fp/hard/crtbegin.o
 .text.MX_DMA_Init
                0x08001054       0x58 CMakeFiles/dm_h723_lib.elf.dir/Core/Src/dma.c.obj
                0x08001054                MX_DMA_Init
 .text.MX_FDCAN1_Init
                0x080010ac       0x64 CMakeFiles/dm_h723_lib.elf.dir/Core/Src/fdcan.c.obj
                0x080010ac                MX_FDCAN1_Init
 .text.MX_FDCAN2_Init
                0x08001110       0x68 CMakeFiles/dm_h723_lib.elf.dir/Core/Src/fdcan.c.obj
                0x08001110                MX_FDCAN2_Init
 .text.MX_FDCAN3_Init
                0x08001178       0x68 CMakeFiles/dm_h723_lib.elf.dir/Core/Src/fdcan.c.obj
                0x08001178                MX_FDCAN3_Init
 .text.HAL_FDCAN_MspInit
                0x080011e0      0x1f8 CMakeFiles/dm_h723_lib.elf.dir/Core/Src/fdcan.c.obj
                0x080011e0                HAL_FDCAN_MspInit
 .text.StartDefaultTask
                0x080013d8        0xa CMakeFiles/dm_h723_lib.elf.dir/Core/Src/freertos.c.obj
                0x080013d8                StartDefaultTask
 *fill*         0x080013e2        0x2 
 .text.vApplicationGetIdleTaskMemory
                0x080013e4       0x18 CMakeFiles/dm_h723_lib.elf.dir/Core/Src/freertos.c.obj
                0x080013e4                vApplicationGetIdleTaskMemory
 .text.MX_FREERTOS_Init
                0x080013fc      0x198 CMakeFiles/dm_h723_lib.elf.dir/Core/Src/freertos.c.obj
                0x080013fc                MX_FREERTOS_Init
 .text.MX_GPIO_Init
                0x08001594      0x100 CMakeFiles/dm_h723_lib.elf.dir/Core/Src/gpio.c.obj
                0x08001594                MX_GPIO_Init
 .text.HAL_TIM_PeriodElapsedCallback
                0x08001694       0x18 CMakeFiles/dm_h723_lib.elf.dir/Core/Src/main.c.obj
                0x08001694                HAL_TIM_PeriodElapsedCallback
 .text.Error_Handler
                0x080016ac        0x4 CMakeFiles/dm_h723_lib.elf.dir/Core/Src/main.c.obj
                0x080016ac                Error_Handler
 .text.SystemClock_Config
                0x080016b0       0xa8 CMakeFiles/dm_h723_lib.elf.dir/Core/Src/main.c.obj
                0x080016b0                SystemClock_Config
 .text.main     0x08001758       0x98 CMakeFiles/dm_h723_lib.elf.dir/Core/Src/main.c.obj
                0x08001758                main
 .text.MX_SPI2_Init
                0x080017f0       0x60 CMakeFiles/dm_h723_lib.elf.dir/Core/Src/spi.c.obj
                0x080017f0                MX_SPI2_Init
 .text.MX_SPI6_Init
                0x08001850       0x64 CMakeFiles/dm_h723_lib.elf.dir/Core/Src/spi.c.obj
                0x08001850                MX_SPI6_Init
 .text.HAL_SPI_MspInit
                0x080018b4      0x1d4 CMakeFiles/dm_h723_lib.elf.dir/Core/Src/spi.c.obj
                0x080018b4                HAL_SPI_MspInit
 .text.HAL_MspInit
                0x08001a88       0x34 CMakeFiles/dm_h723_lib.elf.dir/Core/Src/stm32h7xx_hal_msp.c.obj
                0x08001a88                HAL_MspInit
 .text.HAL_InitTick
                0x08001abc       0x9c CMakeFiles/dm_h723_lib.elf.dir/Core/Src/stm32h7xx_hal_timebase_tim.c.obj
                0x08001abc                HAL_InitTick
 .text.NMI_Handler
                0x08001b58        0x2 CMakeFiles/dm_h723_lib.elf.dir/Core/Src/stm32h7xx_it.c.obj
                0x08001b58                NMI_Handler
 .text.HardFault_Handler
                0x08001b5a        0x2 CMakeFiles/dm_h723_lib.elf.dir/Core/Src/stm32h7xx_it.c.obj
                0x08001b5a                HardFault_Handler
 .text.MemManage_Handler
                0x08001b5c        0x2 CMakeFiles/dm_h723_lib.elf.dir/Core/Src/stm32h7xx_it.c.obj
                0x08001b5c                MemManage_Handler
 .text.BusFault_Handler
                0x08001b5e        0x2 CMakeFiles/dm_h723_lib.elf.dir/Core/Src/stm32h7xx_it.c.obj
                0x08001b5e                BusFault_Handler
 .text.UsageFault_Handler
                0x08001b60        0x2 CMakeFiles/dm_h723_lib.elf.dir/Core/Src/stm32h7xx_it.c.obj
                0x08001b60                UsageFault_Handler
 .text.DebugMon_Handler
                0x08001b62        0x2 CMakeFiles/dm_h723_lib.elf.dir/Core/Src/stm32h7xx_it.c.obj
                0x08001b62                DebugMon_Handler
 .text.DMA1_Stream0_IRQHandler
                0x08001b64       0x10 CMakeFiles/dm_h723_lib.elf.dir/Core/Src/stm32h7xx_it.c.obj
                0x08001b64                DMA1_Stream0_IRQHandler
 .text.DMA1_Stream1_IRQHandler
                0x08001b74       0x10 CMakeFiles/dm_h723_lib.elf.dir/Core/Src/stm32h7xx_it.c.obj
                0x08001b74                DMA1_Stream1_IRQHandler
 .text.DMA1_Stream2_IRQHandler
                0x08001b84       0x10 CMakeFiles/dm_h723_lib.elf.dir/Core/Src/stm32h7xx_it.c.obj
                0x08001b84                DMA1_Stream2_IRQHandler
 .text.FDCAN1_IT0_IRQHandler
                0x08001b94       0x10 CMakeFiles/dm_h723_lib.elf.dir/Core/Src/stm32h7xx_it.c.obj
                0x08001b94                FDCAN1_IT0_IRQHandler
 .text.FDCAN2_IT0_IRQHandler
                0x08001ba4       0x10 CMakeFiles/dm_h723_lib.elf.dir/Core/Src/stm32h7xx_it.c.obj
                0x08001ba4                FDCAN2_IT0_IRQHandler
 .text.SPI2_IRQHandler
                0x08001bb4       0x10 CMakeFiles/dm_h723_lib.elf.dir/Core/Src/stm32h7xx_it.c.obj
                0x08001bb4                SPI2_IRQHandler
 .text.UART5_IRQHandler
                0x08001bc4       0x10 CMakeFiles/dm_h723_lib.elf.dir/Core/Src/stm32h7xx_it.c.obj
                0x08001bc4                UART5_IRQHandler
 .text.TIM7_IRQHandler
                0x08001bd4       0x10 CMakeFiles/dm_h723_lib.elf.dir/Core/Src/stm32h7xx_it.c.obj
                0x08001bd4                TIM7_IRQHandler
 .text.UART7_IRQHandler
                0x08001be4       0x10 CMakeFiles/dm_h723_lib.elf.dir/Core/Src/stm32h7xx_it.c.obj
                0x08001be4                UART7_IRQHandler
 .text.USART10_IRQHandler
                0x08001bf4       0x10 CMakeFiles/dm_h723_lib.elf.dir/Core/Src/stm32h7xx_it.c.obj
                0x08001bf4                USART10_IRQHandler
 .text.FDCAN3_IT0_IRQHandler
                0x08001c04       0x10 CMakeFiles/dm_h723_lib.elf.dir/Core/Src/stm32h7xx_it.c.obj
                0x08001c04                FDCAN3_IT0_IRQHandler
 .text._getpid  0x08001c14        0x4 CMakeFiles/dm_h723_lib.elf.dir/Core/Src/syscalls.c.obj
                0x08001c14                _getpid
 .text._kill    0x08001c18       0x10 CMakeFiles/dm_h723_lib.elf.dir/Core/Src/syscalls.c.obj
                0x08001c18                _kill
 .text._exit    0x08001c28        0xc CMakeFiles/dm_h723_lib.elf.dir/Core/Src/syscalls.c.obj
                0x08001c28                _exit
 .text._read    0x08001c34       0x20 CMakeFiles/dm_h723_lib.elf.dir/Core/Src/syscalls.c.obj
                0x08001c34                _read
 .text._write   0x08001c54       0x1c CMakeFiles/dm_h723_lib.elf.dir/Core/Src/syscalls.c.obj
                0x08001c54                _write
 .text._close   0x08001c70        0x6 CMakeFiles/dm_h723_lib.elf.dir/Core/Src/syscalls.c.obj
                0x08001c70                _close
 .text._fstat   0x08001c76        0xa CMakeFiles/dm_h723_lib.elf.dir/Core/Src/syscalls.c.obj
                0x08001c76                _fstat
 .text._isatty  0x08001c80        0x4 CMakeFiles/dm_h723_lib.elf.dir/Core/Src/syscalls.c.obj
                0x08001c80                _isatty
 .text._lseek   0x08001c84        0x4 CMakeFiles/dm_h723_lib.elf.dir/Core/Src/syscalls.c.obj
                0x08001c84                _lseek
 .text._sbrk    0x08001c88       0x48 CMakeFiles/dm_h723_lib.elf.dir/Core/Src/sysmem.c.obj
                0x08001c88                _sbrk
 .text.SystemInit
                0x08001cd0       0xac CMakeFiles/dm_h723_lib.elf.dir/Core/Src/system_stm32h7xx.c.obj
                0x08001cd0                SystemInit
 .text.MX_UART5_Init
                0x08001d7c       0x78 CMakeFiles/dm_h723_lib.elf.dir/Core/Src/usart.c.obj
                0x08001d7c                MX_UART5_Init
 .text.MX_UART7_Init
                0x08001df4       0x68 CMakeFiles/dm_h723_lib.elf.dir/Core/Src/usart.c.obj
                0x08001df4                MX_UART7_Init
 .text.MX_USART1_UART_Init
                0x08001e5c       0x68 CMakeFiles/dm_h723_lib.elf.dir/Core/Src/usart.c.obj
                0x08001e5c                MX_USART1_UART_Init
 .text.MX_USART10_UART_Init
                0x08001ec4       0x68 CMakeFiles/dm_h723_lib.elf.dir/Core/Src/usart.c.obj
                0x08001ec4                MX_USART10_UART_Init
 .text.HAL_UART_MspInit
                0x08001f2c      0x2ac CMakeFiles/dm_h723_lib.elf.dir/Core/Src/usart.c.obj
                0x08001f2c                HAL_UART_MspInit
 .text.Reset_Handler
                0x080021d8       0x50 CMakeFiles/dm_h723_lib.elf.dir/Core/Startup/startup_stm32h723vgtx.s.obj
                0x080021d8                Reset_Handler
 .text.Default_Handler
                0x08002228        0x2 CMakeFiles/dm_h723_lib.elf.dir/Core/Startup/startup_stm32h723vgtx.s.obj
                0x08002228                RTC_Alarm_IRQHandler
                0x08002228                EXTI2_IRQHandler
                0x08002228                TIM8_CC_IRQHandler
                0x08002228                UART8_IRQHandler
                0x08002228                SPI4_IRQHandler
                0x08002228                TIM1_CC_IRQHandler
                0x08002228                BDMA_Channel6_IRQHandler
                0x08002228                DMA2_Stream5_IRQHandler
                0x08002228                DMA1_Stream5_IRQHandler
                0x08002228                CORDIC_IRQHandler
                0x08002228                BDMA_Channel1_IRQHandler
                0x08002228                TAMP_STAMP_IRQHandler
                0x08002228                EXTI3_IRQHandler
                0x08002228                LPTIM4_IRQHandler
                0x08002228                TIM8_TRG_COM_TIM14_IRQHandler
                0x08002228                LPTIM2_IRQHandler
                0x08002228                DFSDM1_FLT1_IRQHandler
                0x08002228                DMAMUX2_OVR_IRQHandler
                0x08002228                TIM8_UP_TIM13_IRQHandler
                0x08002228                I2C3_ER_IRQHandler
                0x08002228                DFSDM1_FLT2_IRQHandler
                0x08002228                I2C5_EV_IRQHandler
                0x08002228                MDMA_IRQHandler
                0x08002228                LPTIM3_IRQHandler
                0x08002228                HSEM1_IRQHandler
                0x08002228                EXTI0_IRQHandler
                0x08002228                I2C2_EV_IRQHandler
                0x08002228                FPU_IRQHandler
                0x08002228                OTG_HS_WKUP_IRQHandler
                0x08002228                FDCAN1_IT1_IRQHandler
                0x08002228                LTDC_ER_IRQHandler
                0x08002228                DMA2_Stream2_IRQHandler
                0x08002228                SPI1_IRQHandler
                0x08002228                OCTOSPI1_IRQHandler
                0x08002228                TIM6_DAC_IRQHandler
                0x08002228                DMA2_Stream3_IRQHandler
                0x08002228                OCTOSPI2_IRQHandler
                0x08002228                DFSDM1_FLT3_IRQHandler
                0x08002228                TIM23_IRQHandler
                0x08002228                USART6_IRQHandler
                0x08002228                TIM17_IRQHandler
                0x08002228                USART3_IRQHandler
                0x08002228                BDMA_Channel7_IRQHandler
                0x08002228                LPTIM5_IRQHandler
                0x08002228                ADC3_IRQHandler
                0x08002228                DMA2_Stream0_IRQHandler
                0x08002228                TIM4_IRQHandler
                0x08002228                BDMA_Channel2_IRQHandler
                0x08002228                I2C1_EV_IRQHandler
                0x08002228                DMA1_Stream6_IRQHandler
                0x08002228                DMAMUX1_OVR_IRQHandler
                0x08002228                TIM16_IRQHandler
                0x08002228                UART4_IRQHandler
                0x08002228                BDMA_Channel5_IRQHandler
                0x08002228                TIM3_IRQHandler
                0x08002228                RCC_IRQHandler
                0x08002228                UART9_IRQHandler
                0x08002228                TIM8_BRK_TIM12_IRQHandler
                0x08002228                TIM1_TRG_COM_IRQHandler
                0x08002228                Default_Handler
                0x08002228                ECC_IRQHandler
                0x08002228                FMAC_IRQHandler
                0x08002228                CEC_IRQHandler
                0x08002228                EXTI15_10_IRQHandler
                0x08002228                BDMA_Channel0_IRQHandler
                0x08002228                ADC_IRQHandler
                0x08002228                I2C5_ER_IRQHandler
                0x08002228                DMA1_Stream7_IRQHandler
                0x08002228                SPI5_IRQHandler
                0x08002228                FDCAN3_IT1_IRQHandler
                0x08002228                SDMMC1_IRQHandler
                0x08002228                TIM5_IRQHandler
                0x08002228                DMA2_Stream7_IRQHandler
                0x08002228                TIM15_IRQHandler
                0x08002228                PVD_AVD_IRQHandler
                0x08002228                I2C3_EV_IRQHandler
                0x08002228                EXTI9_5_IRQHandler
                0x08002228                RTC_WKUP_IRQHandler
                0x08002228                LTDC_IRQHandler
                0x08002228                ETH_WKUP_IRQHandler
                0x08002228                SPDIF_RX_IRQHandler
                0x08002228                OTG_HS_EP1_IN_IRQHandler
                0x08002228                TIM24_IRQHandler
                0x08002228                CRS_IRQHandler
                0x08002228                EXTI4_IRQHandler
                0x08002228                RNG_IRQHandler
                0x08002228                FDCAN2_IT1_IRQHandler
                0x08002228                ETH_IRQHandler
                0x08002228                TIM1_UP_IRQHandler
                0x08002228                BDMA_Channel4_IRQHandler
                0x08002228                OTG_HS_EP1_OUT_IRQHandler
                0x08002228                WWDG_IRQHandler
                0x08002228                SPI6_IRQHandler
                0x08002228                MDIOS_IRQHandler
                0x08002228                I2C4_EV_IRQHandler
                0x08002228                LPUART1_IRQHandler
                0x08002228                TIM2_IRQHandler
                0x08002228                OTG_HS_IRQHandler
                0x08002228                DMA2D_IRQHandler
                0x08002228                TIM1_BRK_IRQHandler
                0x08002228                EXTI1_IRQHandler
                0x08002228                SDMMC2_IRQHandler
                0x08002228                BDMA_Channel3_IRQHandler
                0x08002228                DTS_IRQHandler
                0x08002228                MDIOS_WKUP_IRQHandler
                0x08002228                USART2_IRQHandler
                0x08002228                DFSDM1_FLT0_IRQHandler
                0x08002228                SAI4_IRQHandler
                0x08002228                I2C2_ER_IRQHandler
                0x08002228                DMA2_Stream1_IRQHandler
                0x08002228                FLASH_IRQHandler
                0x08002228                DMA2_Stream4_IRQHandler
                0x08002228                USART1_IRQHandler
                0x08002228                SPI3_IRQHandler
                0x08002228                WAKEUP_PIN_IRQHandler
                0x08002228                DMA1_Stream4_IRQHandler
                0x08002228                I2C1_ER_IRQHandler
                0x08002228                FMC_IRQHandler
                0x08002228                FDCAN_CAL_IRQHandler
                0x08002228                SWPMI1_IRQHandler
                0x08002228                COMP1_IRQHandler
                0x08002228                LPTIM1_IRQHandler
                0x08002228                DCMI_PSSI_IRQHandler
                0x08002228                I2C4_ER_IRQHandler
                0x08002228                DMA2_Stream6_IRQHandler
                0x08002228                SAI1_IRQHandler
                0x08002228                DMA1_Stream3_IRQHandler
 *fill*         0x0800222a        0x2 
 .text.HAL_Init
                0x0800222c       0x5c CMakeFiles/dm_h723_lib.elf.dir/Drivers/STM32H7xx_HAL_Driver/Src/stm32h7xx_hal.c.obj
                0x0800222c                HAL_Init
 .text.HAL_IncTick
                0x08002288       0x18 CMakeFiles/dm_h723_lib.elf.dir/Drivers/STM32H7xx_HAL_Driver/Src/stm32h7xx_hal.c.obj
                0x08002288                HAL_IncTick
 .text.HAL_GetTick
                0x080022a0        0xc CMakeFiles/dm_h723_lib.elf.dir/Drivers/STM32H7xx_HAL_Driver/Src/stm32h7xx_hal.c.obj
                0x080022a0                HAL_GetTick
 .text.__NVIC_EnableIRQ
                0x080022ac       0x1c CMakeFiles/dm_h723_lib.elf.dir/Drivers/STM32H7xx_HAL_Driver/Src/stm32h7xx_hal_cortex.c.obj
 .text.__NVIC_SetPriority
                0x080022c8       0x24 CMakeFiles/dm_h723_lib.elf.dir/Drivers/STM32H7xx_HAL_Driver/Src/stm32h7xx_hal_cortex.c.obj
 .text.NVIC_EncodePriority
                0x080022ec       0x3e CMakeFiles/dm_h723_lib.elf.dir/Drivers/STM32H7xx_HAL_Driver/Src/stm32h7xx_hal_cortex.c.obj
 *fill*         0x0800232a        0x2 
 .text.HAL_NVIC_SetPriorityGrouping
                0x0800232c       0x24 CMakeFiles/dm_h723_lib.elf.dir/Drivers/STM32H7xx_HAL_Driver/Src/stm32h7xx_hal_cortex.c.obj
                0x0800232c                HAL_NVIC_SetPriorityGrouping
 .text.HAL_NVIC_SetPriority
                0x08002350       0x20 CMakeFiles/dm_h723_lib.elf.dir/Drivers/STM32H7xx_HAL_Driver/Src/stm32h7xx_hal_cortex.c.obj
                0x08002350                HAL_NVIC_SetPriority
 .text.HAL_NVIC_EnableIRQ
                0x08002370        0x8 CMakeFiles/dm_h723_lib.elf.dir/Drivers/STM32H7xx_HAL_Driver/Src/stm32h7xx_hal_cortex.c.obj
                0x08002370                HAL_NVIC_EnableIRQ
 .text.DMA_SetConfig
                0x08002378      0x1b4 CMakeFiles/dm_h723_lib.elf.dir/Drivers/STM32H7xx_HAL_Driver/Src/stm32h7xx_hal_dma.c.obj
 .text.DMA_CalcBaseAndBitshift
                0x0800252c       0xb0 CMakeFiles/dm_h723_lib.elf.dir/Drivers/STM32H7xx_HAL_Driver/Src/stm32h7xx_hal_dma.c.obj
 .text.DMA_CheckFifoParam
                0x080025dc       0x92 CMakeFiles/dm_h723_lib.elf.dir/Drivers/STM32H7xx_HAL_Driver/Src/stm32h7xx_hal_dma.c.obj
 *fill*         0x0800266e        0x2 
 .text.DMA_CalcDMAMUXChannelBaseAndMask
                0x08002670       0xac CMakeFiles/dm_h723_lib.elf.dir/Drivers/STM32H7xx_HAL_Driver/Src/stm32h7xx_hal_dma.c.obj
 .text.DMA_CalcDMAMUXRequestGenBaseAndMask
                0x0800271c       0x7c CMakeFiles/dm_h723_lib.elf.dir/Drivers/STM32H7xx_HAL_Driver/Src/stm32h7xx_hal_dma.c.obj
 .text.HAL_DMA_Init
                0x08002798      0x39c CMakeFiles/dm_h723_lib.elf.dir/Drivers/STM32H7xx_HAL_Driver/Src/stm32h7xx_hal_dma.c.obj
                0x08002798                HAL_DMA_Init
 .text.HAL_DMA_Start_IT
                0x08002b34      0x298 CMakeFiles/dm_h723_lib.elf.dir/Drivers/STM32H7xx_HAL_Driver/Src/stm32h7xx_hal_dma.c.obj
                0x08002b34                HAL_DMA_Start_IT
 .text.HAL_DMA_Abort
                0x08002dcc      0x340 CMakeFiles/dm_h723_lib.elf.dir/Drivers/STM32H7xx_HAL_Driver/Src/stm32h7xx_hal_dma.c.obj
                0x08002dcc                HAL_DMA_Abort
 .text.HAL_DMA_Abort_IT
                0x0800310c      0x270 CMakeFiles/dm_h723_lib.elf.dir/Drivers/STM32H7xx_HAL_Driver/Src/stm32h7xx_hal_dma.c.obj
                0x0800310c                HAL_DMA_Abort_IT
 .text.HAL_DMA_IRQHandler
                0x0800337c      0x738 CMakeFiles/dm_h723_lib.elf.dir/Drivers/STM32H7xx_HAL_Driver/Src/stm32h7xx_hal_dma.c.obj
                0x0800337c                HAL_DMA_IRQHandler
 .text.FDCAN_CalcultateRamBlockAddresses
                0x08003ab4      0x1d4 CMakeFiles/dm_h723_lib.elf.dir/Drivers/STM32H7xx_HAL_Driver/Src/stm32h7xx_hal_fdcan.c.obj
 .text.FDCAN_CopyMessageToRAM
                0x08003c88       0x8c CMakeFiles/dm_h723_lib.elf.dir/Drivers/STM32H7xx_HAL_Driver/Src/stm32h7xx_hal_fdcan.c.obj
 .text.HAL_FDCAN_Init
                0x08003d14      0x294 CMakeFiles/dm_h723_lib.elf.dir/Drivers/STM32H7xx_HAL_Driver/Src/stm32h7xx_hal_fdcan.c.obj
                0x08003d14                HAL_FDCAN_Init
 .text.HAL_FDCAN_ConfigFilter
                0x08003fa8       0x8a CMakeFiles/dm_h723_lib.elf.dir/Drivers/STM32H7xx_HAL_Driver/Src/stm32h7xx_hal_fdcan.c.obj
                0x08003fa8                HAL_FDCAN_ConfigFilter
 .text.HAL_FDCAN_ConfigGlobalFilter
                0x08004032       0x36 CMakeFiles/dm_h723_lib.elf.dir/Drivers/STM32H7xx_HAL_Driver/Src/stm32h7xx_hal_fdcan.c.obj
                0x08004032                HAL_FDCAN_ConfigGlobalFilter
 .text.HAL_FDCAN_Start
                0x08004068       0x34 CMakeFiles/dm_h723_lib.elf.dir/Drivers/STM32H7xx_HAL_Driver/Src/stm32h7xx_hal_fdcan.c.obj
                0x08004068                HAL_FDCAN_Start
 .text.HAL_FDCAN_AddMessageToTxFifoQ
                0x0800409c       0x76 CMakeFiles/dm_h723_lib.elf.dir/Drivers/STM32H7xx_HAL_Driver/Src/stm32h7xx_hal_fdcan.c.obj
                0x0800409c                HAL_FDCAN_AddMessageToTxFifoQ
 *fill*         0x08004112        0x2 
 .text.HAL_FDCAN_GetRxMessage
                0x08004114      0x1e4 CMakeFiles/dm_h723_lib.elf.dir/Drivers/STM32H7xx_HAL_Driver/Src/stm32h7xx_hal_fdcan.c.obj
                0x08004114                HAL_FDCAN_GetRxMessage
 .text.HAL_FDCAN_ActivateNotification
                0x080042f8       0x90 CMakeFiles/dm_h723_lib.elf.dir/Drivers/STM32H7xx_HAL_Driver/Src/stm32h7xx_hal_fdcan.c.obj
                0x080042f8                HAL_FDCAN_ActivateNotification
 .text.HAL_FDCAN_ClockCalibrationCallback
                0x08004388        0x2 CMakeFiles/dm_h723_lib.elf.dir/Drivers/STM32H7xx_HAL_Driver/Src/stm32h7xx_hal_fdcan.c.obj
                0x08004388                HAL_FDCAN_ClockCalibrationCallback
 .text.HAL_FDCAN_TxEventFifoCallback
                0x0800438a        0x2 CMakeFiles/dm_h723_lib.elf.dir/Drivers/STM32H7xx_HAL_Driver/Src/stm32h7xx_hal_fdcan.c.obj
                0x0800438a                HAL_FDCAN_TxEventFifoCallback
 .text.HAL_FDCAN_RxFifo1Callback
                0x0800438c        0x2 CMakeFiles/dm_h723_lib.elf.dir/Drivers/STM32H7xx_HAL_Driver/Src/stm32h7xx_hal_fdcan.c.obj
                0x0800438c                HAL_FDCAN_RxFifo1Callback
 .text.HAL_FDCAN_TxFifoEmptyCallback
                0x0800438e        0x2 CMakeFiles/dm_h723_lib.elf.dir/Drivers/STM32H7xx_HAL_Driver/Src/stm32h7xx_hal_fdcan.c.obj
                0x0800438e                HAL_FDCAN_TxFifoEmptyCallback
 .text.HAL_FDCAN_TxBufferCompleteCallback
                0x08004390        0x2 CMakeFiles/dm_h723_lib.elf.dir/Drivers/STM32H7xx_HAL_Driver/Src/stm32h7xx_hal_fdcan.c.obj
                0x08004390                HAL_FDCAN_TxBufferCompleteCallback
 .text.HAL_FDCAN_TxBufferAbortCallback
                0x08004392        0x2 CMakeFiles/dm_h723_lib.elf.dir/Drivers/STM32H7xx_HAL_Driver/Src/stm32h7xx_hal_fdcan.c.obj
                0x08004392                HAL_FDCAN_TxBufferAbortCallback
 .text.HAL_FDCAN_RxBufferNewMessageCallback
                0x08004394        0x2 CMakeFiles/dm_h723_lib.elf.dir/Drivers/STM32H7xx_HAL_Driver/Src/stm32h7xx_hal_fdcan.c.obj
                0x08004394                HAL_FDCAN_RxBufferNewMessageCallback
 .text.HAL_FDCAN_TimestampWraparoundCallback
                0x08004396        0x2 CMakeFiles/dm_h723_lib.elf.dir/Drivers/STM32H7xx_HAL_Driver/Src/stm32h7xx_hal_fdcan.c.obj
                0x08004396                HAL_FDCAN_TimestampWraparoundCallback
 .text.HAL_FDCAN_TimeoutOccurredCallback
                0x08004398        0x2 CMakeFiles/dm_h723_lib.elf.dir/Drivers/STM32H7xx_HAL_Driver/Src/stm32h7xx_hal_fdcan.c.obj
                0x08004398                HAL_FDCAN_TimeoutOccurredCallback
 .text.HAL_FDCAN_HighPriorityMessageCallback
                0x0800439a        0x2 CMakeFiles/dm_h723_lib.elf.dir/Drivers/STM32H7xx_HAL_Driver/Src/stm32h7xx_hal_fdcan.c.obj
                0x0800439a                HAL_FDCAN_HighPriorityMessageCallback
 .text.HAL_FDCAN_ErrorCallback
                0x0800439c        0x2 CMakeFiles/dm_h723_lib.elf.dir/Drivers/STM32H7xx_HAL_Driver/Src/stm32h7xx_hal_fdcan.c.obj
                0x0800439c                HAL_FDCAN_ErrorCallback
 .text.HAL_FDCAN_ErrorStatusCallback
                0x0800439e        0x2 CMakeFiles/dm_h723_lib.elf.dir/Drivers/STM32H7xx_HAL_Driver/Src/stm32h7xx_hal_fdcan.c.obj
                0x0800439e                HAL_FDCAN_ErrorStatusCallback
 .text.HAL_FDCAN_TT_ScheduleSyncCallback
                0x080043a0        0x2 CMakeFiles/dm_h723_lib.elf.dir/Drivers/STM32H7xx_HAL_Driver/Src/stm32h7xx_hal_fdcan.c.obj
                0x080043a0                HAL_FDCAN_TT_ScheduleSyncCallback
 .text.HAL_FDCAN_TT_TimeMarkCallback
                0x080043a2        0x2 CMakeFiles/dm_h723_lib.elf.dir/Drivers/STM32H7xx_HAL_Driver/Src/stm32h7xx_hal_fdcan.c.obj
                0x080043a2                HAL_FDCAN_TT_TimeMarkCallback
 .text.HAL_FDCAN_TT_StopWatchCallback
                0x080043a4        0x2 CMakeFiles/dm_h723_lib.elf.dir/Drivers/STM32H7xx_HAL_Driver/Src/stm32h7xx_hal_fdcan.c.obj
                0x080043a4                HAL_FDCAN_TT_StopWatchCallback
 .text.HAL_FDCAN_TT_GlobalTimeCallback
                0x080043a6        0x2 CMakeFiles/dm_h723_lib.elf.dir/Drivers/STM32H7xx_HAL_Driver/Src/stm32h7xx_hal_fdcan.c.obj
                0x080043a6                HAL_FDCAN_TT_GlobalTimeCallback
 .text.HAL_FDCAN_IRQHandler
                0x080043a8      0x320 CMakeFiles/dm_h723_lib.elf.dir/Drivers/STM32H7xx_HAL_Driver/Src/stm32h7xx_hal_fdcan.c.obj
                0x080043a8                HAL_FDCAN_IRQHandler
 .text.HAL_GPIO_Init
                0x080046c8      0x214 CMakeFiles/dm_h723_lib.elf.dir/Drivers/STM32H7xx_HAL_Driver/Src/stm32h7xx_hal_gpio.c.obj
                0x080046c8                HAL_GPIO_Init
 .text.HAL_GPIO_WritePin
                0x080048dc        0xc CMakeFiles/dm_h723_lib.elf.dir/Drivers/STM32H7xx_HAL_Driver/Src/stm32h7xx_hal_gpio.c.obj
                0x080048dc                HAL_GPIO_WritePin
 .text.HAL_PWREx_ConfigSupply
                0x080048e8       0x54 CMakeFiles/dm_h723_lib.elf.dir/Drivers/STM32H7xx_HAL_Driver/Src/stm32h7xx_hal_pwr_ex.c.obj
                0x080048e8                HAL_PWREx_ConfigSupply
 .text.HAL_RCC_OscConfig
                0x0800493c      0x5e4 CMakeFiles/dm_h723_lib.elf.dir/Drivers/STM32H7xx_HAL_Driver/Src/stm32h7xx_hal_rcc.c.obj
                0x0800493c                HAL_RCC_OscConfig
 .text.HAL_RCC_GetSysClockFreq
                0x08004f20      0x1f8 CMakeFiles/dm_h723_lib.elf.dir/Drivers/STM32H7xx_HAL_Driver/Src/stm32h7xx_hal_rcc.c.obj
                0x08004f20                HAL_RCC_GetSysClockFreq
 .text.HAL_RCC_ClockConfig
                0x08005118      0x294 CMakeFiles/dm_h723_lib.elf.dir/Drivers/STM32H7xx_HAL_Driver/Src/stm32h7xx_hal_rcc.c.obj
                0x08005118                HAL_RCC_ClockConfig
 .text.HAL_RCC_GetHCLKFreq
                0x080053ac       0x44 CMakeFiles/dm_h723_lib.elf.dir/Drivers/STM32H7xx_HAL_Driver/Src/stm32h7xx_hal_rcc.c.obj
                0x080053ac                HAL_RCC_GetHCLKFreq
 .text.HAL_RCC_GetPCLK1Freq
                0x080053f0       0x24 CMakeFiles/dm_h723_lib.elf.dir/Drivers/STM32H7xx_HAL_Driver/Src/stm32h7xx_hal_rcc.c.obj
                0x080053f0                HAL_RCC_GetPCLK1Freq
 .text.HAL_RCC_GetPCLK2Freq
                0x08005414       0x24 CMakeFiles/dm_h723_lib.elf.dir/Drivers/STM32H7xx_HAL_Driver/Src/stm32h7xx_hal_rcc.c.obj
                0x08005414                HAL_RCC_GetPCLK2Freq
 .text.HAL_RCC_GetClockConfig
                0x08005438       0x54 CMakeFiles/dm_h723_lib.elf.dir/Drivers/STM32H7xx_HAL_Driver/Src/stm32h7xx_hal_rcc.c.obj
                0x08005438                HAL_RCC_GetClockConfig
 .text.RCCEx_PLL2_Config
                0x0800548c      0x108 CMakeFiles/dm_h723_lib.elf.dir/Drivers/STM32H7xx_HAL_Driver/Src/stm32h7xx_hal_rcc_ex.c.obj
 .text.RCCEx_PLL3_Config
                0x08005594      0x108 CMakeFiles/dm_h723_lib.elf.dir/Drivers/STM32H7xx_HAL_Driver/Src/stm32h7xx_hal_rcc_ex.c.obj
 .text.HAL_RCCEx_PeriphCLKConfig
                0x0800569c      0xa2c CMakeFiles/dm_h723_lib.elf.dir/Drivers/STM32H7xx_HAL_Driver/Src/stm32h7xx_hal_rcc_ex.c.obj
                0x0800569c                HAL_RCCEx_PeriphCLKConfig
 .text.HAL_RCCEx_GetD3PCLK1Freq
                0x080060c8       0x24 CMakeFiles/dm_h723_lib.elf.dir/Drivers/STM32H7xx_HAL_Driver/Src/stm32h7xx_hal_rcc_ex.c.obj
                0x080060c8                HAL_RCCEx_GetD3PCLK1Freq
 .text.HAL_RCCEx_GetPLL2ClockFreq
                0x080060ec      0x200 CMakeFiles/dm_h723_lib.elf.dir/Drivers/STM32H7xx_HAL_Driver/Src/stm32h7xx_hal_rcc_ex.c.obj
                0x080060ec                HAL_RCCEx_GetPLL2ClockFreq
 .text.HAL_RCCEx_GetPLL3ClockFreq
                0x080062ec      0x200 CMakeFiles/dm_h723_lib.elf.dir/Drivers/STM32H7xx_HAL_Driver/Src/stm32h7xx_hal_rcc_ex.c.obj
                0x080062ec                HAL_RCCEx_GetPLL3ClockFreq
 .text.SPI_CloseTransfer
                0x080064ec       0xd0 CMakeFiles/dm_h723_lib.elf.dir/Drivers/STM32H7xx_HAL_Driver/Src/stm32h7xx_hal_spi.c.obj
 .text.SPI_GetPacketSize
                0x080065bc       0x10 CMakeFiles/dm_h723_lib.elf.dir/Drivers/STM32H7xx_HAL_Driver/Src/stm32h7xx_hal_spi.c.obj
 .text.SPI_WaitOnFlagUntilTimeout
                0x080065cc       0x48 CMakeFiles/dm_h723_lib.elf.dir/Drivers/STM32H7xx_HAL_Driver/Src/stm32h7xx_hal_spi.c.obj
 .text.HAL_SPI_Init
                0x08006614      0x190 CMakeFiles/dm_h723_lib.elf.dir/Drivers/STM32H7xx_HAL_Driver/Src/stm32h7xx_hal_spi.c.obj
                0x08006614                HAL_SPI_Init
 .text.HAL_SPI_Transmit
                0x080067a4      0x2c0 CMakeFiles/dm_h723_lib.elf.dir/Drivers/STM32H7xx_HAL_Driver/Src/stm32h7xx_hal_spi.c.obj
                0x080067a4                HAL_SPI_Transmit
 .text.HAL_SPI_TransmitReceive
                0x08006a64      0x490 CMakeFiles/dm_h723_lib.elf.dir/Drivers/STM32H7xx_HAL_Driver/Src/stm32h7xx_hal_spi.c.obj
                0x08006a64                HAL_SPI_TransmitReceive
 .text.HAL_SPI_TxCpltCallback
                0x08006ef4        0x2 CMakeFiles/dm_h723_lib.elf.dir/Drivers/STM32H7xx_HAL_Driver/Src/stm32h7xx_hal_spi.c.obj
                0x08006ef4                HAL_SPI_TxCpltCallback
 .text.HAL_SPI_RxCpltCallback
                0x08006ef6        0x2 CMakeFiles/dm_h723_lib.elf.dir/Drivers/STM32H7xx_HAL_Driver/Src/stm32h7xx_hal_spi.c.obj
                0x08006ef6                HAL_SPI_RxCpltCallback
 .text.HAL_SPI_TxRxCpltCallback
                0x08006ef8        0x2 CMakeFiles/dm_h723_lib.elf.dir/Drivers/STM32H7xx_HAL_Driver/Src/stm32h7xx_hal_spi.c.obj
                0x08006ef8                HAL_SPI_TxRxCpltCallback
 .text.HAL_SPI_ErrorCallback
                0x08006efa        0x2 CMakeFiles/dm_h723_lib.elf.dir/Drivers/STM32H7xx_HAL_Driver/Src/stm32h7xx_hal_spi.c.obj
                0x08006efa                HAL_SPI_ErrorCallback
 .text.SPI_DMAAbortOnError
                0x08006efc       0x1a CMakeFiles/dm_h723_lib.elf.dir/Drivers/STM32H7xx_HAL_Driver/Src/stm32h7xx_hal_spi.c.obj
 .text.HAL_SPI_SuspendCallback
                0x08006f16        0x2 CMakeFiles/dm_h723_lib.elf.dir/Drivers/STM32H7xx_HAL_Driver/Src/stm32h7xx_hal_spi.c.obj
                0x08006f16                HAL_SPI_SuspendCallback
 .text.HAL_SPI_IRQHandler
                0x08006f18      0x240 CMakeFiles/dm_h723_lib.elf.dir/Drivers/STM32H7xx_HAL_Driver/Src/stm32h7xx_hal_spi.c.obj
                0x08006f18                HAL_SPI_IRQHandler
 .text.HAL_TIM_Base_MspInit
                0x08007158        0x2 CMakeFiles/dm_h723_lib.elf.dir/Drivers/STM32H7xx_HAL_Driver/Src/stm32h7xx_hal_tim.c.obj
                0x08007158                HAL_TIM_Base_MspInit
 *fill*         0x0800715a        0x2 
 .text.HAL_TIM_Base_Start_IT
                0x0800715c       0xa0 CMakeFiles/dm_h723_lib.elf.dir/Drivers/STM32H7xx_HAL_Driver/Src/stm32h7xx_hal_tim.c.obj
                0x0800715c                HAL_TIM_Base_Start_IT
 .text.HAL_TIM_OC_DelayElapsedCallback
                0x080071fc        0x2 CMakeFiles/dm_h723_lib.elf.dir/Drivers/STM32H7xx_HAL_Driver/Src/stm32h7xx_hal_tim.c.obj
                0x080071fc                HAL_TIM_OC_DelayElapsedCallback
 .text.HAL_TIM_IC_CaptureCallback
                0x080071fe        0x2 CMakeFiles/dm_h723_lib.elf.dir/Drivers/STM32H7xx_HAL_Driver/Src/stm32h7xx_hal_tim.c.obj
                0x080071fe                HAL_TIM_IC_CaptureCallback
 .text.HAL_TIM_PWM_PulseFinishedCallback
                0x08007200        0x2 CMakeFiles/dm_h723_lib.elf.dir/Drivers/STM32H7xx_HAL_Driver/Src/stm32h7xx_hal_tim.c.obj
                0x08007200                HAL_TIM_PWM_PulseFinishedCallback
 .text.HAL_TIM_TriggerCallback
                0x08007202        0x2 CMakeFiles/dm_h723_lib.elf.dir/Drivers/STM32H7xx_HAL_Driver/Src/stm32h7xx_hal_tim.c.obj
                0x08007202                HAL_TIM_TriggerCallback
 .text.HAL_TIM_IRQHandler
                0x08007204      0x17a CMakeFiles/dm_h723_lib.elf.dir/Drivers/STM32H7xx_HAL_Driver/Src/stm32h7xx_hal_tim.c.obj
                0x08007204                HAL_TIM_IRQHandler
 *fill*         0x0800737e        0x2 
 .text.TIM_Base_SetConfig
                0x08007380      0x130 CMakeFiles/dm_h723_lib.elf.dir/Drivers/STM32H7xx_HAL_Driver/Src/stm32h7xx_hal_tim.c.obj
                0x08007380                TIM_Base_SetConfig
 .text.HAL_TIM_Base_Init
                0x080074b0       0x60 CMakeFiles/dm_h723_lib.elf.dir/Drivers/STM32H7xx_HAL_Driver/Src/stm32h7xx_hal_tim.c.obj
                0x080074b0                HAL_TIM_Base_Init
 .text.HAL_TIMEx_CommutCallback
                0x08007510        0x2 CMakeFiles/dm_h723_lib.elf.dir/Drivers/STM32H7xx_HAL_Driver/Src/stm32h7xx_hal_tim_ex.c.obj
                0x08007510                HAL_TIMEx_CommutCallback
 .text.HAL_TIMEx_BreakCallback
                0x08007512        0x2 CMakeFiles/dm_h723_lib.elf.dir/Drivers/STM32H7xx_HAL_Driver/Src/stm32h7xx_hal_tim_ex.c.obj
                0x08007512                HAL_TIMEx_BreakCallback
 .text.HAL_TIMEx_Break2Callback
                0x08007514        0x2 CMakeFiles/dm_h723_lib.elf.dir/Drivers/STM32H7xx_HAL_Driver/Src/stm32h7xx_hal_tim_ex.c.obj
                0x08007514                HAL_TIMEx_Break2Callback
 .text.UART_EndTxTransfer
                0x08007516       0x32 CMakeFiles/dm_h723_lib.elf.dir/Drivers/STM32H7xx_HAL_Driver/Src/stm32h7xx_hal_uart.c.obj
 .text.UART_EndRxTransfer
                0x08007548       0x58 CMakeFiles/dm_h723_lib.elf.dir/Drivers/STM32H7xx_HAL_Driver/Src/stm32h7xx_hal_uart.c.obj
 .text.HAL_UART_TxCpltCallback
                0x080075a0        0x2 CMakeFiles/dm_h723_lib.elf.dir/Drivers/STM32H7xx_HAL_Driver/Src/stm32h7xx_hal_uart.c.obj
                0x080075a0                HAL_UART_TxCpltCallback
 .text.UART_EndTransmit_IT
                0x080075a2       0x24 CMakeFiles/dm_h723_lib.elf.dir/Drivers/STM32H7xx_HAL_Driver/Src/stm32h7xx_hal_uart.c.obj
 .text.HAL_UART_RxCpltCallback
                0x080075c6        0x2 CMakeFiles/dm_h723_lib.elf.dir/Drivers/STM32H7xx_HAL_Driver/Src/stm32h7xx_hal_uart.c.obj
                0x080075c6                HAL_UART_RxCpltCallback
 .text.HAL_UART_RxHalfCpltCallback
                0x080075c8        0x2 CMakeFiles/dm_h723_lib.elf.dir/Drivers/STM32H7xx_HAL_Driver/Src/stm32h7xx_hal_uart.c.obj
                0x080075c8                HAL_UART_RxHalfCpltCallback
 .text.UART_DMAError
                0x080075ca       0x58 CMakeFiles/dm_h723_lib.elf.dir/Drivers/STM32H7xx_HAL_Driver/Src/stm32h7xx_hal_uart.c.obj
 .text.UART_DMAAbortOnError
                0x08007622       0x14 CMakeFiles/dm_h723_lib.elf.dir/Drivers/STM32H7xx_HAL_Driver/Src/stm32h7xx_hal_uart.c.obj
 *fill*         0x08007636        0x2 
 .text.HAL_UART_IRQHandler
                0x08007638      0x3b4 CMakeFiles/dm_h723_lib.elf.dir/Drivers/STM32H7xx_HAL_Driver/Src/stm32h7xx_hal_uart.c.obj
                0x08007638                HAL_UART_IRQHandler
 .text.UART_DMARxHalfCplt
                0x080079ec       0x20 CMakeFiles/dm_h723_lib.elf.dir/Drivers/STM32H7xx_HAL_Driver/Src/stm32h7xx_hal_uart.c.obj
 .text.UART_DMAReceiveCplt
                0x08007a0c       0x90 CMakeFiles/dm_h723_lib.elf.dir/Drivers/STM32H7xx_HAL_Driver/Src/stm32h7xx_hal_uart.c.obj
 .text.UART_SetConfig
                0x08007a9c      0x6c4 CMakeFiles/dm_h723_lib.elf.dir/Drivers/STM32H7xx_HAL_Driver/Src/stm32h7xx_hal_uart.c.obj
                0x08007a9c                UART_SetConfig
 .text.UART_AdvFeatureConfig
                0x08008160       0xca CMakeFiles/dm_h723_lib.elf.dir/Drivers/STM32H7xx_HAL_Driver/Src/stm32h7xx_hal_uart.c.obj
                0x08008160                UART_AdvFeatureConfig
 .text.UART_WaitOnFlagUntilTimeout
                0x0800822a       0xa6 CMakeFiles/dm_h723_lib.elf.dir/Drivers/STM32H7xx_HAL_Driver/Src/stm32h7xx_hal_uart.c.obj
                0x0800822a                UART_WaitOnFlagUntilTimeout
 .text.HAL_UART_Transmit
                0x080082d0       0xd0 CMakeFiles/dm_h723_lib.elf.dir/Drivers/STM32H7xx_HAL_Driver/Src/stm32h7xx_hal_uart.c.obj
                0x080082d0                HAL_UART_Transmit
 .text.UART_CheckIdleState
                0x080083a0       0xca CMakeFiles/dm_h723_lib.elf.dir/Drivers/STM32H7xx_HAL_Driver/Src/stm32h7xx_hal_uart.c.obj
                0x080083a0                UART_CheckIdleState
 .text.HAL_UART_Init
                0x0800846a       0x66 CMakeFiles/dm_h723_lib.elf.dir/Drivers/STM32H7xx_HAL_Driver/Src/stm32h7xx_hal_uart.c.obj
                0x0800846a                HAL_UART_Init
 .text.UART_Start_Receive_DMA
                0x080084d0       0xb0 CMakeFiles/dm_h723_lib.elf.dir/Drivers/STM32H7xx_HAL_Driver/Src/stm32h7xx_hal_uart.c.obj
                0x080084d0                UART_Start_Receive_DMA
 .text.UARTEx_SetNbDataToProcess
                0x08008580       0x4c CMakeFiles/dm_h723_lib.elf.dir/Drivers/STM32H7xx_HAL_Driver/Src/stm32h7xx_hal_uart_ex.c.obj
 .text.HAL_UARTEx_WakeupCallback
                0x080085cc        0x2 CMakeFiles/dm_h723_lib.elf.dir/Drivers/STM32H7xx_HAL_Driver/Src/stm32h7xx_hal_uart_ex.c.obj
                0x080085cc                HAL_UARTEx_WakeupCallback
 .text.HAL_UARTEx_RxFifoFullCallback
                0x080085ce        0x2 CMakeFiles/dm_h723_lib.elf.dir/Drivers/STM32H7xx_HAL_Driver/Src/stm32h7xx_hal_uart_ex.c.obj
                0x080085ce                HAL_UARTEx_RxFifoFullCallback
 .text.HAL_UARTEx_TxFifoEmptyCallback
                0x080085d0        0x2 CMakeFiles/dm_h723_lib.elf.dir/Drivers/STM32H7xx_HAL_Driver/Src/stm32h7xx_hal_uart_ex.c.obj
                0x080085d0                HAL_UARTEx_TxFifoEmptyCallback
 .text.HAL_UARTEx_DisableFifoMode
                0x080085d2       0x3e CMakeFiles/dm_h723_lib.elf.dir/Drivers/STM32H7xx_HAL_Driver/Src/stm32h7xx_hal_uart_ex.c.obj
                0x080085d2                HAL_UARTEx_DisableFifoMode
 .text.HAL_UARTEx_SetTxFifoThreshold
                0x08008610       0x4a CMakeFiles/dm_h723_lib.elf.dir/Drivers/STM32H7xx_HAL_Driver/Src/stm32h7xx_hal_uart_ex.c.obj
                0x08008610                HAL_UARTEx_SetTxFifoThreshold
 .text.HAL_UARTEx_SetRxFifoThreshold
                0x0800865a       0x4a CMakeFiles/dm_h723_lib.elf.dir/Drivers/STM32H7xx_HAL_Driver/Src/stm32h7xx_hal_uart_ex.c.obj
                0x0800865a                HAL_UARTEx_SetRxFifoThreshold
 .text.HAL_UARTEx_ReceiveToIdle_DMA
                0x080086a4       0x50 CMakeFiles/dm_h723_lib.elf.dir/Drivers/STM32H7xx_HAL_Driver/Src/stm32h7xx_hal_uart_ex.c.obj
                0x080086a4                HAL_UARTEx_ReceiveToIdle_DMA
 .text.makeFreeRtosPriority
                0x080086f4        0xc CMakeFiles/dm_h723_lib.elf.dir/Middlewares/Third_Party/FreeRTOS/Source/CMSIS_RTOS/cmsis_os.c.obj
 .text.osKernelStart
                0x08008700        0xa CMakeFiles/dm_h723_lib.elf.dir/Middlewares/Third_Party/FreeRTOS/Source/CMSIS_RTOS/cmsis_os.c.obj
                0x08008700                osKernelStart
 .text.osThreadCreate
                0x0800870a       0x66 CMakeFiles/dm_h723_lib.elf.dir/Middlewares/Third_Party/FreeRTOS/Source/CMSIS_RTOS/cmsis_os.c.obj
                0x0800870a                osThreadCreate
 .text.osDelay  0x08008770        0xe CMakeFiles/dm_h723_lib.elf.dir/Middlewares/Third_Party/FreeRTOS/Source/CMSIS_RTOS/cmsis_os.c.obj
                0x08008770                osDelay
 .text.vListInitialise
                0x0800877e       0x16 CMakeFiles/dm_h723_lib.elf.dir/Middlewares/Third_Party/FreeRTOS/Source/list.c.obj
                0x0800877e                vListInitialise
 .text.vListInitialiseItem
                0x08008794        0x6 CMakeFiles/dm_h723_lib.elf.dir/Middlewares/Third_Party/FreeRTOS/Source/list.c.obj
                0x08008794                vListInitialiseItem
 .text.vListInsertEnd
                0x0800879a       0x16 CMakeFiles/dm_h723_lib.elf.dir/Middlewares/Third_Party/FreeRTOS/Source/list.c.obj
                0x0800879a                vListInsertEnd
 .text.vListInsert
                0x080087b0       0x32 CMakeFiles/dm_h723_lib.elf.dir/Middlewares/Third_Party/FreeRTOS/Source/list.c.obj
                0x080087b0                vListInsert
 .text.uxListRemove
                0x080087e2       0x26 CMakeFiles/dm_h723_lib.elf.dir/Middlewares/Third_Party/FreeRTOS/Source/list.c.obj
                0x080087e2                uxListRemove
 .text.prvTaskExitError
                0x08008808       0x40 CMakeFiles/dm_h723_lib.elf.dir/Middlewares/Third_Party/FreeRTOS/Source/portable/GCC/ARM_CM4F/port.c.obj
 .text.prvPortStartFirstTask
                0x08008848       0x28 CMakeFiles/dm_h723_lib.elf.dir/Middlewares/Third_Party/FreeRTOS/Source/portable/GCC/ARM_CM4F/port.c.obj
 .text.vPortEnableVFP
                0x08008870       0x14 CMakeFiles/dm_h723_lib.elf.dir/Middlewares/Third_Party/FreeRTOS/Source/portable/GCC/ARM_CM4F/port.c.obj
 .text.pxPortInitialiseStack
                0x08008884       0x2c CMakeFiles/dm_h723_lib.elf.dir/Middlewares/Third_Party/FreeRTOS/Source/portable/GCC/ARM_CM4F/port.c.obj
                0x08008884                pxPortInitialiseStack
 .text.SVC_Handler
                0x080088b0       0x24 CMakeFiles/dm_h723_lib.elf.dir/Middlewares/Third_Party/FreeRTOS/Source/portable/GCC/ARM_CM4F/port.c.obj
                0x080088b0                SVC_Handler
 .text.vPortEnterCritical
                0x080088d4       0x44 CMakeFiles/dm_h723_lib.elf.dir/Middlewares/Third_Party/FreeRTOS/Source/portable/GCC/ARM_CM4F/port.c.obj
                0x080088d4                vPortEnterCritical
 .text.vPortExitCritical
                0x08008918       0x2c CMakeFiles/dm_h723_lib.elf.dir/Middlewares/Third_Party/FreeRTOS/Source/portable/GCC/ARM_CM4F/port.c.obj
                0x08008918                vPortExitCritical
 *fill*         0x08008944        0xc 
 .text.PendSV_Handler
                0x08008950       0x64 CMakeFiles/dm_h723_lib.elf.dir/Middlewares/Third_Party/FreeRTOS/Source/portable/GCC/ARM_CM4F/port.c.obj
                0x08008950                PendSV_Handler
 .text.SysTick_Handler
                0x080089b4       0x2c CMakeFiles/dm_h723_lib.elf.dir/Middlewares/Third_Party/FreeRTOS/Source/portable/GCC/ARM_CM4F/port.c.obj
                0x080089b4                SysTick_Handler
 .text.vPortSetupTimerInterrupt
                0x080089e0       0x28 CMakeFiles/dm_h723_lib.elf.dir/Middlewares/Third_Party/FreeRTOS/Source/portable/GCC/ARM_CM4F/port.c.obj
                0x080089e0                vPortSetupTimerInterrupt
 .text.xPortStartScheduler
                0x08008a08      0x118 CMakeFiles/dm_h723_lib.elf.dir/Middlewares/Third_Party/FreeRTOS/Source/portable/GCC/ARM_CM4F/port.c.obj
                0x08008a08                xPortStartScheduler
 .text.prvHeapInit
                0x08008b20       0x68 CMakeFiles/dm_h723_lib.elf.dir/Middlewares/Third_Party/FreeRTOS/Source/portable/MemMang/heap_4.c.obj
 .text.prvInsertBlockIntoFreeList
                0x08008b88       0x64 CMakeFiles/dm_h723_lib.elf.dir/Middlewares/Third_Party/FreeRTOS/Source/portable/MemMang/heap_4.c.obj
 .text.pvPortMalloc
                0x08008bec      0x104 CMakeFiles/dm_h723_lib.elf.dir/Middlewares/Third_Party/FreeRTOS/Source/portable/MemMang/heap_4.c.obj
                0x08008bec                pvPortMalloc
 .text.vPortFree
                0x08008cf0       0x7c CMakeFiles/dm_h723_lib.elf.dir/Middlewares/Third_Party/FreeRTOS/Source/portable/MemMang/heap_4.c.obj
                0x08008cf0                vPortFree
 .text.prvResetNextTaskUnblockTime
                0x08008d6c       0x2c CMakeFiles/dm_h723_lib.elf.dir/Middlewares/Third_Party/FreeRTOS/Source/tasks.c.obj
 .text.prvInitialiseNewTask
                0x08008d98       0xfc CMakeFiles/dm_h723_lib.elf.dir/Middlewares/Third_Party/FreeRTOS/Source/tasks.c.obj
 .text.prvInitialiseTaskLists
                0x08008e94       0x68 CMakeFiles/dm_h723_lib.elf.dir/Middlewares/Third_Party/FreeRTOS/Source/tasks.c.obj
 .text.prvAddNewTaskToReadyList
                0x08008efc       0xa8 CMakeFiles/dm_h723_lib.elf.dir/Middlewares/Third_Party/FreeRTOS/Source/tasks.c.obj
 .text.prvDeleteTCB
                0x08008fa4       0x40 CMakeFiles/dm_h723_lib.elf.dir/Middlewares/Third_Party/FreeRTOS/Source/tasks.c.obj
 .text.prvCheckTasksWaitingTermination
                0x08008fe4       0x4c CMakeFiles/dm_h723_lib.elf.dir/Middlewares/Third_Party/FreeRTOS/Source/tasks.c.obj
 .text.prvIdleTask
                0x08009030       0x28 CMakeFiles/dm_h723_lib.elf.dir/Middlewares/Third_Party/FreeRTOS/Source/tasks.c.obj
 .text.prvAddCurrentTaskToDelayedList
                0x08009058       0xa0 CMakeFiles/dm_h723_lib.elf.dir/Middlewares/Third_Party/FreeRTOS/Source/tasks.c.obj
 .text.xTaskCreateStatic
                0x080090f8       0x7a CMakeFiles/dm_h723_lib.elf.dir/Middlewares/Third_Party/FreeRTOS/Source/tasks.c.obj
                0x080090f8                xTaskCreateStatic
 .text.xTaskCreate
                0x08009172       0x66 CMakeFiles/dm_h723_lib.elf.dir/Middlewares/Third_Party/FreeRTOS/Source/tasks.c.obj
                0x08009172                xTaskCreate
 .text.vTaskStartScheduler
                0x080091d8       0x84 CMakeFiles/dm_h723_lib.elf.dir/Middlewares/Third_Party/FreeRTOS/Source/tasks.c.obj
                0x080091d8                vTaskStartScheduler
 .text.vTaskSuspendAll
                0x0800925c       0x10 CMakeFiles/dm_h723_lib.elf.dir/Middlewares/Third_Party/FreeRTOS/Source/tasks.c.obj
                0x0800925c                vTaskSuspendAll
 .text.xTaskIncrementTick
                0x0800926c      0x118 CMakeFiles/dm_h723_lib.elf.dir/Middlewares/Third_Party/FreeRTOS/Source/tasks.c.obj
                0x0800926c                xTaskIncrementTick
 .text.xTaskResumeAll
                0x08009384       0xf8 CMakeFiles/dm_h723_lib.elf.dir/Middlewares/Third_Party/FreeRTOS/Source/tasks.c.obj
                0x08009384                xTaskResumeAll
 .text.vTaskDelay
                0x0800947c       0x4c CMakeFiles/dm_h723_lib.elf.dir/Middlewares/Third_Party/FreeRTOS/Source/tasks.c.obj
                0x0800947c                vTaskDelay
 .text.vTaskSwitchContext
                0x080094c8       0xa4 CMakeFiles/dm_h723_lib.elf.dir/Middlewares/Third_Party/FreeRTOS/Source/tasks.c.obj
                0x080094c8                vTaskSwitchContext
 .text.init_absc
                0x0800956c      0x140 CMakeFiles/dm_h723_lib.elf.dir/code_mf/Src/ABSC_GET_TASK.c.obj
                0x0800956c                init_absc
 .text.MOTOR_11_get_absc
                0x080096ac       0xa4 CMakeFiles/dm_h723_lib.elf.dir/code_mf/Src/ABSC_GET_TASK.c.obj
                0x080096ac                MOTOR_11_get_absc
 .text.MOTOR_12_get_absc
                0x08009750       0xa4 CMakeFiles/dm_h723_lib.elf.dir/code_mf/Src/ABSC_GET_TASK.c.obj
                0x08009750                MOTOR_12_get_absc
 .text.MOTOR_13_get_absc
                0x080097f4       0xa4 CMakeFiles/dm_h723_lib.elf.dir/code_mf/Src/ABSC_GET_TASK.c.obj
                0x080097f4                MOTOR_13_get_absc
 .text.MOTOR_14_get_absc
                0x08009898       0xa4 CMakeFiles/dm_h723_lib.elf.dir/code_mf/Src/ABSC_GET_TASK.c.obj
                0x08009898                MOTOR_14_get_absc
 .text.MOTOR_21_get_absc
                0x0800993c       0xa4 CMakeFiles/dm_h723_lib.elf.dir/code_mf/Src/ABSC_GET_TASK.c.obj
                0x0800993c                MOTOR_21_get_absc
 .text.MOTOR_22_get_absc
                0x080099e0       0xa4 CMakeFiles/dm_h723_lib.elf.dir/code_mf/Src/ABSC_GET_TASK.c.obj
                0x080099e0                MOTOR_22_get_absc
 .text.MOTOR_23_get_absc
                0x08009a84       0xa4 CMakeFiles/dm_h723_lib.elf.dir/code_mf/Src/ABSC_GET_TASK.c.obj
                0x08009a84                MOTOR_23_get_absc
 .text.MOTOR_24_get_absc
                0x08009b28       0xa4 CMakeFiles/dm_h723_lib.elf.dir/code_mf/Src/ABSC_GET_TASK.c.obj
                0x08009b28                MOTOR_24_get_absc
 .text.ABSC_GET_TASK
                0x08009bcc       0x48 CMakeFiles/dm_h723_lib.elf.dir/code_mf/Src/ABSC_GET_TASK.c.obj
                0x08009bcc                ABSC_GET_TASK
 .text.DWT_Init
                0x08009c14       0x30 CMakeFiles/dm_h723_lib.elf.dir/code_mf/Src/BMI088Middleware.c.obj
                0x08009c14                DWT_Init
 .text.BMI088_GPIO_init
                0x08009c44        0x2 CMakeFiles/dm_h723_lib.elf.dir/code_mf/Src/BMI088Middleware.c.obj
                0x08009c44                BMI088_GPIO_init
 .text.BMI088_com_init
                0x08009c46        0x8 CMakeFiles/dm_h723_lib.elf.dir/code_mf/Src/BMI088Middleware.c.obj
                0x08009c46                BMI088_com_init
 *fill*         0x08009c4e        0x2 
 .text.BMI088_delay_us
                0x08009c50       0x2c CMakeFiles/dm_h723_lib.elf.dir/code_mf/Src/BMI088Middleware.c.obj
                0x08009c50                BMI088_delay_us
 .text.BMI088_delay_ms
                0x08009c7c       0x18 CMakeFiles/dm_h723_lib.elf.dir/code_mf/Src/BMI088Middleware.c.obj
                0x08009c7c                BMI088_delay_ms
 .text.BMI088_ACCEL_NS_L
                0x08009c94       0x14 CMakeFiles/dm_h723_lib.elf.dir/code_mf/Src/BMI088Middleware.c.obj
                0x08009c94                BMI088_ACCEL_NS_L
 .text.BMI088_ACCEL_NS_H
                0x08009ca8       0x14 CMakeFiles/dm_h723_lib.elf.dir/code_mf/Src/BMI088Middleware.c.obj
                0x08009ca8                BMI088_ACCEL_NS_H
 .text.BMI088_GYRO_NS_L
                0x08009cbc       0x14 CMakeFiles/dm_h723_lib.elf.dir/code_mf/Src/BMI088Middleware.c.obj
                0x08009cbc                BMI088_GYRO_NS_L
 .text.BMI088_GYRO_NS_H
                0x08009cd0       0x14 CMakeFiles/dm_h723_lib.elf.dir/code_mf/Src/BMI088Middleware.c.obj
                0x08009cd0                BMI088_GYRO_NS_H
 .text.BMI088_read_write_byte
                0x08009ce4       0x2c CMakeFiles/dm_h723_lib.elf.dir/code_mf/Src/BMI088Middleware.c.obj
                0x08009ce4                BMI088_read_write_byte
 .text.BMI088_write_single_reg
                0x08009d10       0x10 CMakeFiles/dm_h723_lib.elf.dir/code_mf/Src/BMI088driver.c.obj
 .text.BMI088_read_single_reg
                0x08009d20       0x16 CMakeFiles/dm_h723_lib.elf.dir/code_mf/Src/BMI088driver.c.obj
 .text.BMI088_read_muli_reg
                0x08009d36       0x24 CMakeFiles/dm_h723_lib.elf.dir/code_mf/Src/BMI088driver.c.obj
 *fill*         0x08009d5a        0x2 
 .text.bmi088_accel_init
                0x08009d5c      0x10c CMakeFiles/dm_h723_lib.elf.dir/code_mf/Src/BMI088driver.c.obj
                0x08009d5c                bmi088_accel_init
 .text.bmi088_gyro_init
                0x08009e68       0xf0 CMakeFiles/dm_h723_lib.elf.dir/code_mf/Src/BMI088driver.c.obj
                0x08009e68                bmi088_gyro_init
 .text.BMI088_init
                0x08009f58       0x1a CMakeFiles/dm_h723_lib.elf.dir/code_mf/Src/BMI088driver.c.obj
                0x08009f58                BMI088_init
 *fill*         0x08009f72        0x2 
 .text.BMI088_read
                0x08009f74      0x164 CMakeFiles/dm_h723_lib.elf.dir/code_mf/Src/BMI088driver.c.obj
                0x08009f74                BMI088_read
 .text.HAL_UARTEx_RxEventCallback
                0x0800a0d8       0x34 CMakeFiles/dm_h723_lib.elf.dir/code_mf/Src/CALL_BACK.c.obj
                0x0800a0d8                HAL_UARTEx_RxEventCallback
 .text.HAL_UART_ErrorCallback
                0x0800a10c       0x30 CMakeFiles/dm_h723_lib.elf.dir/code_mf/Src/CALL_BACK.c.obj
                0x0800a10c                HAL_UART_ErrorCallback
 .text.CAN_SENT_TASK
                0x0800a13c       0xbc CMakeFiles/dm_h723_lib.elf.dir/code_mf/Src/CAN_SENT_TASK.c.obj
                0x0800a13c                CAN_SENT_TASK
 .text.get_time
                0x0800a1f8       0x84 CMakeFiles/dm_h723_lib.elf.dir/code_mf/Src/CHASSIS_TASK.c.obj
                0x0800a1f8                get_time
 .text.gait_x   0x0800a27c       0x4c CMakeFiles/dm_h723_lib.elf.dir/code_mf/Src/CHASSIS_TASK.c.obj
                0x0800a27c                gait_x
 .text.gait_z   0x0800a2c8       0x44 CMakeFiles/dm_h723_lib.elf.dir/code_mf/Src/CHASSIS_TASK.c.obj
                0x0800a2c8                gait_z
 .text.calculate_opposite_angle
                0x0800a30c       0xba CMakeFiles/dm_h723_lib.elf.dir/code_mf/Src/CHASSIS_TASK.c.obj
                0x0800a30c                calculate_opposite_angle
 *fill*         0x0800a3c6        0x2 
 .text.get_motor_shaft_angle
                0x0800a3c8      0x2d0 CMakeFiles/dm_h723_lib.elf.dir/code_mf/Src/CHASSIS_TASK.c.obj
                0x0800a3c8                get_motor_shaft_angle
 .text.leg_control
                0x0800a698      0x1c4 CMakeFiles/dm_h723_lib.elf.dir/code_mf/Src/CHASSIS_TASK.c.obj
                0x0800a698                leg_control
 .text.CHASSIS_TASK
                0x0800a85c       0x1a CMakeFiles/dm_h723_lib.elf.dir/code_mf/Src/CHASSIS_TASK.c.obj
                0x0800a85c                CHASSIS_TASK
 *fill*         0x0800a876        0x2 
 .text.DEBUG_UART_TASK
                0x0800a878       0x64 CMakeFiles/dm_h723_lib.elf.dir/code_mf/Src/DEBUG_UART_TASK.c.obj
                0x0800a878                DEBUG_UART_TASK
 .text.FDCAN_DJI_motors
                0x0800a8dc       0x98 CMakeFiles/dm_h723_lib.elf.dir/code_mf/Src/DJI_motors.c.obj
                0x0800a8dc                FDCAN_DJI_motors
 .text.GET_RC_TASK
                0x0800a974       0x5c CMakeFiles/dm_h723_lib.elf.dir/code_mf/Src/GET_RC_TASK.c.obj
                0x0800a974                GET_RC_TASK
 .text.GET_TARGET_ABSC
                0x0800a9d0      0x184 CMakeFiles/dm_h723_lib.elf.dir/code_mf/Src/GET_TARGET_ABSC.c.obj
                0x0800a9d0                GET_TARGET_ABSC
 .text.IMU_DATA_GET
                0x0800ab54       0xdc CMakeFiles/dm_h723_lib.elf.dir/code_mf/Src/IMU_DATA_GET.c.obj
                0x0800ab54                IMU_DATA_GET
 .text.LED_TASK
                0x0800ac30       0x3a CMakeFiles/dm_h723_lib.elf.dir/code_mf/Src/LED_TASK.c.obj
                0x0800ac30                LED_TASK
 *fill*         0x0800ac6a        0x2 
 .text.MOTOR_11_speed_pid_init
                0x0800ac6c       0x28 CMakeFiles/dm_h723_lib.elf.dir/code_mf/Src/MOTOR_PID_TASK.c.obj
                0x0800ac6c                MOTOR_11_speed_pid_init
 .text.MOTOR_11_speed_pid_loop
                0x0800ac94       0x34 CMakeFiles/dm_h723_lib.elf.dir/code_mf/Src/MOTOR_PID_TASK.c.obj
                0x0800ac94                MOTOR_11_speed_pid_loop
 .text.MOTOR_11_angle_pid_init
                0x0800acc8       0x28 CMakeFiles/dm_h723_lib.elf.dir/code_mf/Src/MOTOR_PID_TASK.c.obj
                0x0800acc8                MOTOR_11_angle_pid_init
 .text.MOTOR_11_angle_pid_loop
                0x0800acf0       0x24 CMakeFiles/dm_h723_lib.elf.dir/code_mf/Src/MOTOR_PID_TASK.c.obj
                0x0800acf0                MOTOR_11_angle_pid_loop
 .text.MOTOR_12_speed_pid_init
                0x0800ad14       0x28 CMakeFiles/dm_h723_lib.elf.dir/code_mf/Src/MOTOR_PID_TASK.c.obj
                0x0800ad14                MOTOR_12_speed_pid_init
 .text.MOTOR_12_speed_pid_loop
                0x0800ad3c       0x34 CMakeFiles/dm_h723_lib.elf.dir/code_mf/Src/MOTOR_PID_TASK.c.obj
                0x0800ad3c                MOTOR_12_speed_pid_loop
 .text.MOTOR_12_angle_pid_init
                0x0800ad70       0x28 CMakeFiles/dm_h723_lib.elf.dir/code_mf/Src/MOTOR_PID_TASK.c.obj
                0x0800ad70                MOTOR_12_angle_pid_init
 .text.MOTOR_12_angle_pid_loop
                0x0800ad98       0x24 CMakeFiles/dm_h723_lib.elf.dir/code_mf/Src/MOTOR_PID_TASK.c.obj
                0x0800ad98                MOTOR_12_angle_pid_loop
 .text.MOTOR_13_speed_pid_init
                0x0800adbc       0x28 CMakeFiles/dm_h723_lib.elf.dir/code_mf/Src/MOTOR_PID_TASK.c.obj
                0x0800adbc                MOTOR_13_speed_pid_init
 .text.MOTOR_13_speed_pid_loop
                0x0800ade4       0x34 CMakeFiles/dm_h723_lib.elf.dir/code_mf/Src/MOTOR_PID_TASK.c.obj
                0x0800ade4                MOTOR_13_speed_pid_loop
 .text.MOTOR_13_angle_pid_init
                0x0800ae18       0x28 CMakeFiles/dm_h723_lib.elf.dir/code_mf/Src/MOTOR_PID_TASK.c.obj
                0x0800ae18                MOTOR_13_angle_pid_init
 .text.MOTOR_13_angle_pid_loop
                0x0800ae40       0x24 CMakeFiles/dm_h723_lib.elf.dir/code_mf/Src/MOTOR_PID_TASK.c.obj
                0x0800ae40                MOTOR_13_angle_pid_loop
 .text.MOTOR_14_speed_pid_init
                0x0800ae64       0x28 CMakeFiles/dm_h723_lib.elf.dir/code_mf/Src/MOTOR_PID_TASK.c.obj
                0x0800ae64                MOTOR_14_speed_pid_init
 .text.MOTOR_14_speed_pid_loop
                0x0800ae8c       0x34 CMakeFiles/dm_h723_lib.elf.dir/code_mf/Src/MOTOR_PID_TASK.c.obj
                0x0800ae8c                MOTOR_14_speed_pid_loop
 .text.MOTOR_14_angle_pid_init
                0x0800aec0       0x28 CMakeFiles/dm_h723_lib.elf.dir/code_mf/Src/MOTOR_PID_TASK.c.obj
                0x0800aec0                MOTOR_14_angle_pid_init
 .text.MOTOR_14_angle_pid_loop
                0x0800aee8       0x24 CMakeFiles/dm_h723_lib.elf.dir/code_mf/Src/MOTOR_PID_TASK.c.obj
                0x0800aee8                MOTOR_14_angle_pid_loop
 .text.MOTOR_21_speed_pid_init
                0x0800af0c       0x28 CMakeFiles/dm_h723_lib.elf.dir/code_mf/Src/MOTOR_PID_TASK.c.obj
                0x0800af0c                MOTOR_21_speed_pid_init
 .text.MOTOR_21_speed_pid_loop
                0x0800af34       0x34 CMakeFiles/dm_h723_lib.elf.dir/code_mf/Src/MOTOR_PID_TASK.c.obj
                0x0800af34                MOTOR_21_speed_pid_loop
 .text.MOTOR_21_angle_pid_init
                0x0800af68       0x28 CMakeFiles/dm_h723_lib.elf.dir/code_mf/Src/MOTOR_PID_TASK.c.obj
                0x0800af68                MOTOR_21_angle_pid_init
 .text.MOTOR_21_angle_pid_loop
                0x0800af90       0x24 CMakeFiles/dm_h723_lib.elf.dir/code_mf/Src/MOTOR_PID_TASK.c.obj
                0x0800af90                MOTOR_21_angle_pid_loop
 .text.MOTOR_22_speed_pid_init
                0x0800afb4       0x28 CMakeFiles/dm_h723_lib.elf.dir/code_mf/Src/MOTOR_PID_TASK.c.obj
                0x0800afb4                MOTOR_22_speed_pid_init
 .text.MOTOR_22_speed_pid_loop
                0x0800afdc       0x34 CMakeFiles/dm_h723_lib.elf.dir/code_mf/Src/MOTOR_PID_TASK.c.obj
                0x0800afdc                MOTOR_22_speed_pid_loop
 .text.MOTOR_22_angle_pid_init
                0x0800b010       0x28 CMakeFiles/dm_h723_lib.elf.dir/code_mf/Src/MOTOR_PID_TASK.c.obj
                0x0800b010                MOTOR_22_angle_pid_init
 .text.MOTOR_22_angle_pid_loop
                0x0800b038       0x24 CMakeFiles/dm_h723_lib.elf.dir/code_mf/Src/MOTOR_PID_TASK.c.obj
                0x0800b038                MOTOR_22_angle_pid_loop
 .text.MOTOR_23_speed_pid_init
                0x0800b05c       0x28 CMakeFiles/dm_h723_lib.elf.dir/code_mf/Src/MOTOR_PID_TASK.c.obj
                0x0800b05c                MOTOR_23_speed_pid_init
 .text.MOTOR_23_speed_pid_loop
                0x0800b084       0x34 CMakeFiles/dm_h723_lib.elf.dir/code_mf/Src/MOTOR_PID_TASK.c.obj
                0x0800b084                MOTOR_23_speed_pid_loop
 .text.MOTOR_23_angle_pid_init
                0x0800b0b8       0x28 CMakeFiles/dm_h723_lib.elf.dir/code_mf/Src/MOTOR_PID_TASK.c.obj
                0x0800b0b8                MOTOR_23_angle_pid_init
 .text.MOTOR_23_angle_pid_loop
                0x0800b0e0       0x24 CMakeFiles/dm_h723_lib.elf.dir/code_mf/Src/MOTOR_PID_TASK.c.obj
                0x0800b0e0                MOTOR_23_angle_pid_loop
 .text.MOTOR_24_speed_pid_init
                0x0800b104       0x28 CMakeFiles/dm_h723_lib.elf.dir/code_mf/Src/MOTOR_PID_TASK.c.obj
                0x0800b104                MOTOR_24_speed_pid_init
 .text.MOTOR_24_speed_pid_loop
                0x0800b12c       0x34 CMakeFiles/dm_h723_lib.elf.dir/code_mf/Src/MOTOR_PID_TASK.c.obj
                0x0800b12c                MOTOR_24_speed_pid_loop
 .text.MOTOR_24_angle_pid_init
                0x0800b160       0x28 CMakeFiles/dm_h723_lib.elf.dir/code_mf/Src/MOTOR_PID_TASK.c.obj
                0x0800b160                MOTOR_24_angle_pid_init
 .text.MOTOR_24_angle_pid_loop
                0x0800b188       0x24 CMakeFiles/dm_h723_lib.elf.dir/code_mf/Src/MOTOR_PID_TASK.c.obj
                0x0800b188                MOTOR_24_angle_pid_loop
 .text.pid_compute
                0x0800b1ac      0x1ac CMakeFiles/dm_h723_lib.elf.dir/code_mf/Src/MOTOR_PID_TASK.c.obj
                0x0800b1ac                pid_compute
 .text.MOTOR_PID_TASK
                0x0800b358       0x56 CMakeFiles/dm_h723_lib.elf.dir/code_mf/Src/MOTOR_PID_TASK.c.obj
                0x0800b358                MOTOR_PID_TASK
 *fill*         0x0800b3ae        0x2 
 .text.invSqrt  0x0800b3b0       0x30 CMakeFiles/dm_h723_lib.elf.dir/code_mf/Src/MahonyAHRS.c.obj
                0x0800b3b0                invSqrt
 .text.MahonyAHRSupdateIMU
                0x0800b3e0      0x274 CMakeFiles/dm_h723_lib.elf.dir/code_mf/Src/MahonyAHRS.c.obj
                0x0800b3e0                MahonyAHRSupdateIMU
 .text.MahonyAHRSupdate
                0x0800b654      0x3f8 CMakeFiles/dm_h723_lib.elf.dir/code_mf/Src/MahonyAHRS.c.obj
                0x0800b654                MahonyAHRSupdate
 .text.get_angle
                0x0800ba4c       0xbc CMakeFiles/dm_h723_lib.elf.dir/code_mf/Src/MahonyAHRS.c.obj
                0x0800ba4c                get_angle
 .text.BSP_FDCAN_Init
                0x0800bb08      0x130 CMakeFiles/dm_h723_lib.elf.dir/code_mf/Src/bsp_can.c.obj
                0x0800bb08                BSP_FDCAN_Init
 .text.DM_motors_parse
                0x0800bc38       0x90 CMakeFiles/dm_h723_lib.elf.dir/code_mf/Src/can_receive.c.obj
                0x0800bc38                DM_motors_parse
 .text.HAL_FDCAN_RxFifo0Callback
                0x0800bcc8      0x170 CMakeFiles/dm_h723_lib.elf.dir/code_mf/Src/can_receive.c.obj
                0x0800bcc8                HAL_FDCAN_RxFifo0Callback
 .text.dm_motor_init
                0x0800be38       0x2c CMakeFiles/dm_h723_lib.elf.dir/code_mf/Src/dm_motor.c.obj
                0x0800be38                dm_motor_init
 .text.uint_to_float
                0x0800be64       0x28 CMakeFiles/dm_h723_lib.elf.dir/code_mf/Src/dm_motor.c.obj
                0x0800be64                uint_to_float
 .text.PID_init
                0x0800be8c       0x3c CMakeFiles/dm_h723_lib.elf.dir/code_mf/Src/pid.c.obj
                0x0800be8c                PID_init
 .text.PID_calc
                0x0800bec8      0x158 CMakeFiles/dm_h723_lib.elf.dir/code_mf/Src/pid.c.obj
                0x0800bec8                PID_calc
 .text.dbus_frame_parse
                0x0800c020       0xc6 CMakeFiles/dm_h723_lib.elf.dir/code_mf/Src/remote_control.c.obj
                0x0800c020                dbus_frame_parse
 *fill*         0x0800c0e6        0x2 
 .text.usart1_printf
                0x0800c0e8       0x40 CMakeFiles/dm_h723_lib.elf.dir/code_mf/Src/uart_printf.c.obj
                0x0800c0e8                usart1_printf
 .text.WS2812_Ctrl
                0x0800c128       0xc0 CMakeFiles/dm_h723_lib.elf.dir/code_mf/Src/ws2812.c.obj
                0x0800c128                WS2812_Ctrl
 .text.__udivmoddi4
                0x0800c1e8      0x2bc C:/CLionToolchains/gcc-arm-none-eabi-10.3-2021.10/bin/../lib/gcc/arm-none-eabi/13.3.1/thumb/v7e-m+fp/hard\libgcc.a(_udivmoddi4.o)
                0x0800c1e8                __udivmoddi4
 .text.stdio_exit_handler
                0x0800c4a4       0x18 C:/CLionToolchains/gcc-arm-none-eabi-10.3-2021.10/bin/../lib/gcc/arm-none-eabi/13.3.1/thumb/v7e-m+fp/hard\libg.a(libc_a-findfp.o)
 .text.cleanup_stdio
                0x0800c4bc       0x40 C:/CLionToolchains/gcc-arm-none-eabi-10.3-2021.10/bin/../lib/gcc/arm-none-eabi/13.3.1/thumb/v7e-m+fp/hard\libg.a(libc_a-findfp.o)
 .text.global_stdio_init.part.0
                0x0800c4fc       0xf0 C:/CLionToolchains/gcc-arm-none-eabi-10.3-2021.10/bin/../lib/gcc/arm-none-eabi/13.3.1/thumb/v7e-m+fp/hard\libg.a(libc_a-findfp.o)
 .text.__sinit  0x0800c5ec       0x3c C:/CLionToolchains/gcc-arm-none-eabi-10.3-2021.10/bin/../lib/gcc/arm-none-eabi/13.3.1/thumb/v7e-m+fp/hard\libg.a(libc_a-findfp.o)
                0x0800c5ec                __sinit
 .text.__sfp_lock_acquire
                0x0800c628        0xc C:/CLionToolchains/gcc-arm-none-eabi-10.3-2021.10/bin/../lib/gcc/arm-none-eabi/13.3.1/thumb/v7e-m+fp/hard\libg.a(libc_a-findfp.o)
                0x0800c628                __sfp_lock_acquire
 .text.__sfp_lock_release
                0x0800c634        0xc C:/CLionToolchains/gcc-arm-none-eabi-10.3-2021.10/bin/../lib/gcc/arm-none-eabi/13.3.1/thumb/v7e-m+fp/hard\libg.a(libc_a-findfp.o)
                0x0800c634                __sfp_lock_release
 .text._fwalk_sglue
                0x0800c640       0x44 C:/CLionToolchains/gcc-arm-none-eabi-10.3-2021.10/bin/../lib/gcc/arm-none-eabi/13.3.1/thumb/v7e-m+fp/hard\libg.a(libc_a-fwalk.o)
                0x0800c640                _fwalk_sglue
 .text.__sread  0x0800c684       0x24 C:/CLionToolchains/gcc-arm-none-eabi-10.3-2021.10/bin/../lib/gcc/arm-none-eabi/13.3.1/thumb/v7e-m+fp/hard\libg.a(libc_a-stdio.o)
                0x0800c684                __sread
 .text.__swrite
                0x0800c6a8       0x40 C:/CLionToolchains/gcc-arm-none-eabi-10.3-2021.10/bin/../lib/gcc/arm-none-eabi/13.3.1/thumb/v7e-m+fp/hard\libg.a(libc_a-stdio.o)
                0x0800c6a8                __swrite
 .text.__sseek  0x0800c6e8       0x24 C:/CLionToolchains/gcc-arm-none-eabi-10.3-2021.10/bin/../lib/gcc/arm-none-eabi/13.3.1/thumb/v7e-m+fp/hard\libg.a(libc_a-stdio.o)
                0x0800c6e8                __sseek
 .text.__sclose
                0x0800c70c        0x8 C:/CLionToolchains/gcc-arm-none-eabi-10.3-2021.10/bin/../lib/gcc/arm-none-eabi/13.3.1/thumb/v7e-m+fp/hard\libg.a(libc_a-stdio.o)
                0x0800c70c                __sclose
 .text.vsprintf
                0x0800c714       0x38 C:/CLionToolchains/gcc-arm-none-eabi-10.3-2021.10/bin/../lib/gcc/arm-none-eabi/13.3.1/thumb/v7e-m+fp/hard\libg.a(libc_a-vsprintf.o)
                0x0800c714                vsprintf
 .text.memset   0x0800c74c       0xa4 C:/CLionToolchains/gcc-arm-none-eabi-10.3-2021.10/bin/../lib/gcc/arm-none-eabi/13.3.1/thumb/v7e-m+fp/hard\libg.a(libc_a-memset.o)
                0x0800c74c                memset
 .text._close_r
                0x0800c7f0       0x24 C:/CLionToolchains/gcc-arm-none-eabi-10.3-2021.10/bin/../lib/gcc/arm-none-eabi/13.3.1/thumb/v7e-m+fp/hard\libg.a(libc_a-closer.o)
                0x0800c7f0                _close_r
 .text._reclaim_reent
                0x0800c814       0x6c C:/CLionToolchains/gcc-arm-none-eabi-10.3-2021.10/bin/../lib/gcc/arm-none-eabi/13.3.1/thumb/v7e-m+fp/hard\libg.a(libc_a-reent.o)
                0x0800c814                _reclaim_reent
 .text._lseek_r
                0x0800c880       0x2c C:/CLionToolchains/gcc-arm-none-eabi-10.3-2021.10/bin/../lib/gcc/arm-none-eabi/13.3.1/thumb/v7e-m+fp/hard\libg.a(libc_a-lseekr.o)
                0x0800c880                _lseek_r
 .text._read_r  0x0800c8ac       0x2c C:/CLionToolchains/gcc-arm-none-eabi-10.3-2021.10/bin/../lib/gcc/arm-none-eabi/13.3.1/thumb/v7e-m+fp/hard\libg.a(libc_a-readr.o)
                0x0800c8ac                _read_r
 .text._write_r
                0x0800c8d8       0x2c C:/CLionToolchains/gcc-arm-none-eabi-10.3-2021.10/bin/../lib/gcc/arm-none-eabi/13.3.1/thumb/v7e-m+fp/hard\libg.a(libc_a-writer.o)
                0x0800c8d8                _write_r
 .text.__errno  0x0800c904        0xc C:/CLionToolchains/gcc-arm-none-eabi-10.3-2021.10/bin/../lib/gcc/arm-none-eabi/13.3.1/thumb/v7e-m+fp/hard\libg.a(libc_a-errno.o)
                0x0800c904                __errno
 .text.__libc_init_array
                0x0800c910       0x50 C:/CLionToolchains/gcc-arm-none-eabi-10.3-2021.10/bin/../lib/gcc/arm-none-eabi/13.3.1/thumb/v7e-m+fp/hard\libg.a(libc_a-init.o)
                0x0800c910                __libc_init_array
 .text.__retarget_lock_init_recursive
                0x0800c960        0x4 C:/CLionToolchains/gcc-arm-none-eabi-10.3-2021.10/bin/../lib/gcc/arm-none-eabi/13.3.1/thumb/v7e-m+fp/hard\libg.a(libc_a-lock.o)
                0x0800c960                __retarget_lock_init_recursive
 .text.__retarget_lock_close_recursive
                0x0800c964        0x4 C:/CLionToolchains/gcc-arm-none-eabi-10.3-2021.10/bin/../lib/gcc/arm-none-eabi/13.3.1/thumb/v7e-m+fp/hard\libg.a(libc_a-lock.o)
                0x0800c964                __retarget_lock_close_recursive
 .text.__retarget_lock_acquire_recursive
                0x0800c968        0x4 C:/CLionToolchains/gcc-arm-none-eabi-10.3-2021.10/bin/../lib/gcc/arm-none-eabi/13.3.1/thumb/v7e-m+fp/hard\libg.a(libc_a-lock.o)
                0x0800c968                __retarget_lock_acquire_recursive
 .text.__retarget_lock_release_recursive
                0x0800c96c        0x4 C:/CLionToolchains/gcc-arm-none-eabi-10.3-2021.10/bin/../lib/gcc/arm-none-eabi/13.3.1/thumb/v7e-m+fp/hard\libg.a(libc_a-lock.o)
                0x0800c96c                __retarget_lock_release_recursive
 .text.startup.register_fini
                0x0800c970       0x14 C:/CLionToolchains/gcc-arm-none-eabi-10.3-2021.10/bin/../lib/gcc/arm-none-eabi/13.3.1/thumb/v7e-m+fp/hard\libg.a(libc_a-__call_atexit.o)
 .text.atexit   0x0800c984        0xc C:/CLionToolchains/gcc-arm-none-eabi-10.3-2021.10/bin/../lib/gcc/arm-none-eabi/13.3.1/thumb/v7e-m+fp/hard\libg.a(libc_a-atexit.o)
                0x0800c984                atexit
 .text._malloc_trim_r
                0x0800c990       0xb8 C:/CLionToolchains/gcc-arm-none-eabi-10.3-2021.10/bin/../lib/gcc/arm-none-eabi/13.3.1/thumb/v7e-m+fp/hard\libg.a(libc_a-freer.o)
                0x0800c990                _malloc_trim_r
 .text._free_r  0x0800ca48      0x1f8 C:/CLionToolchains/gcc-arm-none-eabi-10.3-2021.10/bin/../lib/gcc/arm-none-eabi/13.3.1/thumb/v7e-m+fp/hard\libg.a(libc_a-freer.o)
                0x0800ca48                _free_r
 .text._malloc_r
                0x0800cc40      0x564 C:/CLionToolchains/gcc-arm-none-eabi-10.3-2021.10/bin/../lib/gcc/arm-none-eabi/13.3.1/thumb/v7e-m+fp/hard\libg.a(libc_a-mallocr.o)
                0x0800cc40                _malloc_r
 .text.__malloc_lock
                0x0800d1a4        0xc C:/CLionToolchains/gcc-arm-none-eabi-10.3-2021.10/bin/../lib/gcc/arm-none-eabi/13.3.1/thumb/v7e-m+fp/hard\libg.a(libc_a-mlock.o)
                0x0800d1a4                __malloc_lock
 .text.__malloc_unlock
                0x0800d1b0        0xc C:/CLionToolchains/gcc-arm-none-eabi-10.3-2021.10/bin/../lib/gcc/arm-none-eabi/13.3.1/thumb/v7e-m+fp/hard\libg.a(libc_a-mlock.o)
                0x0800d1b0                __malloc_unlock
 *fill*         0x0800d1bc        0x4 
 .text._svfprintf_r
                0x0800d1c0     0x1b3c C:/CLionToolchains/gcc-arm-none-eabi-10.3-2021.10/bin/../lib/gcc/arm-none-eabi/13.3.1/thumb/v7e-m+fp/hard\libg.a(libc_a-svfprintf.o)
                0x0800d1c0                _svfprintf_r
 .text.__ssprint_r
                0x0800ecfc       0x58 C:/CLionToolchains/gcc-arm-none-eabi-10.3-2021.10/bin/../lib/gcc/arm-none-eabi/13.3.1/thumb/v7e-m+fp/hard\libg.a(libc_a-ssprint_r.o)
                0x0800ecfc                __ssprint_r
 .text._fclose_r
                0x0800ed54       0xc0 C:/CLionToolchains/gcc-arm-none-eabi-10.3-2021.10/bin/../lib/gcc/arm-none-eabi/13.3.1/thumb/v7e-m+fp/hard\libg.a(libc_a-fclose.o)
                0x0800ed54                _fclose_r
 .text.__sflush_r
                0x0800ee14      0x138 C:/CLionToolchains/gcc-arm-none-eabi-10.3-2021.10/bin/../lib/gcc/arm-none-eabi/13.3.1/thumb/v7e-m+fp/hard\libg.a(libc_a-fflush.o)
                0x0800ee14                __sflush_r
 .text._fflush_r
                0x0800ef4c       0x54 C:/CLionToolchains/gcc-arm-none-eabi-10.3-2021.10/bin/../lib/gcc/arm-none-eabi/13.3.1/thumb/v7e-m+fp/hard\libg.a(libc_a-fflush.o)
                0x0800ef4c                _fflush_r
 .text.strncpy  0x0800efa0       0x68 C:/CLionToolchains/gcc-arm-none-eabi-10.3-2021.10/bin/../lib/gcc/arm-none-eabi/13.3.1/thumb/v7e-m+fp/hard\libg.a(libc_a-strncpy.o)
                0x0800efa0                strncpy
 .text.__locale_mb_cur_max
                0x0800f008        0xc C:/CLionToolchains/gcc-arm-none-eabi-10.3-2021.10/bin/../lib/gcc/arm-none-eabi/13.3.1/thumb/v7e-m+fp/hard\libg.a(libc_a-locale.o)
                0x0800f008                __locale_mb_cur_max
 .text._localeconv_r
                0x0800f014        0x8 C:/CLionToolchains/gcc-arm-none-eabi-10.3-2021.10/bin/../lib/gcc/arm-none-eabi/13.3.1/thumb/v7e-m+fp/hard\libg.a(libc_a-localeconv.o)
                0x0800f014                _localeconv_r
 .text._sbrk_r  0x0800f01c       0x24 C:/CLionToolchains/gcc-arm-none-eabi-10.3-2021.10/bin/../lib/gcc/arm-none-eabi/13.3.1/thumb/v7e-m+fp/hard\libg.a(libc_a-sbrkr.o)
                0x0800f01c                _sbrk_r
 .text.__libc_fini_array
                0x0800f040       0x28 C:/CLionToolchains/gcc-arm-none-eabi-10.3-2021.10/bin/../lib/gcc/arm-none-eabi/13.3.1/thumb/v7e-m+fp/hard\libg.a(libc_a-fini.o)
                0x0800f040                __libc_fini_array
 .text.sysconf  0x0800f068       0x1c C:/CLionToolchains/gcc-arm-none-eabi-10.3-2021.10/bin/../lib/gcc/arm-none-eabi/13.3.1/thumb/v7e-m+fp/hard\libg.a(libc_a-sysconf.o)
                0x0800f068                sysconf
 .text.frexp    0x0800f084       0x64 C:/CLionToolchains/gcc-arm-none-eabi-10.3-2021.10/bin/../lib/gcc/arm-none-eabi/13.3.1/thumb/v7e-m+fp/hard\libg.a(libm_a-s_frexp.o)
                0x0800f084                frexp
 .text.__register_exitproc
                0x0800f0e8       0x80 C:/CLionToolchains/gcc-arm-none-eabi-10.3-2021.10/bin/../lib/gcc/arm-none-eabi/13.3.1/thumb/v7e-m+fp/hard\libg.a(libc_a-__atexit.o)
                0x0800f0e8                __register_exitproc
 .text.quorem   0x0800f168      0x12c C:/CLionToolchains/gcc-arm-none-eabi-10.3-2021.10/bin/../lib/gcc/arm-none-eabi/13.3.1/thumb/v7e-m+fp/hard\libg.a(libc_a-dtoa.o)
 *fill*         0x0800f294        0x4 
 .text._dtoa_r  0x0800f298      0xe80 C:/CLionToolchains/gcc-arm-none-eabi-10.3-2021.10/bin/../lib/gcc/arm-none-eabi/13.3.1/thumb/v7e-m+fp/hard\libg.a(libc_a-dtoa.o)
                0x0800f298                _dtoa_r
 .text.__ascii_mbtowc
                0x08010118       0x2c C:/CLionToolchains/gcc-arm-none-eabi-10.3-2021.10/bin/../lib/gcc/arm-none-eabi/13.3.1/thumb/v7e-m+fp/hard\libg.a(libc_a-mbtowc_r.o)
                0x08010118                __ascii_mbtowc
 .text._Balloc  0x08010144       0x4c C:/CLionToolchains/gcc-arm-none-eabi-10.3-2021.10/bin/../lib/gcc/arm-none-eabi/13.3.1/thumb/v7e-m+fp/hard\libg.a(libc_a-mprec.o)
                0x08010144                _Balloc
 .text._Bfree   0x08010190       0x14 C:/CLionToolchains/gcc-arm-none-eabi-10.3-2021.10/bin/../lib/gcc/arm-none-eabi/13.3.1/thumb/v7e-m+fp/hard\libg.a(libc_a-mprec.o)
                0x08010190                _Bfree
 .text.__multadd
                0x080101a4       0xa0 C:/CLionToolchains/gcc-arm-none-eabi-10.3-2021.10/bin/../lib/gcc/arm-none-eabi/13.3.1/thumb/v7e-m+fp/hard\libg.a(libc_a-mprec.o)
                0x080101a4                __multadd
 .text.__hi0bits
                0x08010244       0x44 C:/CLionToolchains/gcc-arm-none-eabi-10.3-2021.10/bin/../lib/gcc/arm-none-eabi/13.3.1/thumb/v7e-m+fp/hard\libg.a(libc_a-mprec.o)
                0x08010244                __hi0bits
 .text.__lo0bits
                0x08010288       0x60 C:/CLionToolchains/gcc-arm-none-eabi-10.3-2021.10/bin/../lib/gcc/arm-none-eabi/13.3.1/thumb/v7e-m+fp/hard\libg.a(libc_a-mprec.o)
                0x08010288                __lo0bits
 .text.__i2b    0x080102e8       0x5c C:/CLionToolchains/gcc-arm-none-eabi-10.3-2021.10/bin/../lib/gcc/arm-none-eabi/13.3.1/thumb/v7e-m+fp/hard\libg.a(libc_a-mprec.o)
                0x080102e8                __i2b
 .text.__multiply
                0x08010344      0x16c C:/CLionToolchains/gcc-arm-none-eabi-10.3-2021.10/bin/../lib/gcc/arm-none-eabi/13.3.1/thumb/v7e-m+fp/hard\libg.a(libc_a-mprec.o)
                0x08010344                __multiply
 .text.__pow5mult
                0x080104b0       0xb4 C:/CLionToolchains/gcc-arm-none-eabi-10.3-2021.10/bin/../lib/gcc/arm-none-eabi/13.3.1/thumb/v7e-m+fp/hard\libg.a(libc_a-mprec.o)
                0x080104b0                __pow5mult
 .text.__lshift
                0x08010564       0xf0 C:/CLionToolchains/gcc-arm-none-eabi-10.3-2021.10/bin/../lib/gcc/arm-none-eabi/13.3.1/thumb/v7e-m+fp/hard\libg.a(libc_a-mprec.o)
                0x08010564                __lshift
 .text.__mcmp   0x08010654       0x44 C:/CLionToolchains/gcc-arm-none-eabi-10.3-2021.10/bin/../lib/gcc/arm-none-eabi/13.3.1/thumb/v7e-m+fp/hard\libg.a(libc_a-mprec.o)
                0x08010654                __mcmp
 .text.__mdiff  0x08010698      0x178 C:/CLionToolchains/gcc-arm-none-eabi-10.3-2021.10/bin/../lib/gcc/arm-none-eabi/13.3.1/thumb/v7e-m+fp/hard\libg.a(libc_a-mprec.o)
                0x08010698                __mdiff
 .text.__d2b    0x08010810       0xc0 C:/CLionToolchains/gcc-arm-none-eabi-10.3-2021.10/bin/../lib/gcc/arm-none-eabi/13.3.1/thumb/v7e-m+fp/hard\libg.a(libc_a-mprec.o)
                0x08010810                __d2b
 .text.__ascii_wctomb
                0x080108d0       0x1c C:/CLionToolchains/gcc-arm-none-eabi-10.3-2021.10/bin/../lib/gcc/arm-none-eabi/13.3.1/thumb/v7e-m+fp/hard\libg.a(libc_a-wctomb_r.o)
                0x080108d0                __ascii_wctomb
 .text._wcrtomb_r
                0x080108ec       0x4c C:/CLionToolchains/gcc-arm-none-eabi-10.3-2021.10/bin/../lib/gcc/arm-none-eabi/13.3.1/thumb/v7e-m+fp/hard\libg.a(libc_a-wcrtomb.o)
                0x080108ec                _wcrtomb_r
 .text._wcsrtombs_r
                0x08010938       0x18 C:/CLionToolchains/gcc-arm-none-eabi-10.3-2021.10/bin/../lib/gcc/arm-none-eabi/13.3.1/thumb/v7e-m+fp/hard\libg.a(libc_a-wcsrtombs.o)
                0x08010938                _wcsrtombs_r
 .text.__ssputs_r
                0x08010950       0xc0 C:/CLionToolchains/gcc-arm-none-eabi-10.3-2021.10/bin/../lib/gcc/arm-none-eabi/13.3.1/thumb/v7e-m+fp/hard\libg.a(libc_a-ssputs_r.o)
                0x08010950                __ssputs_r
 .text.memmove  0x08010a10      0x100 C:/CLionToolchains/gcc-arm-none-eabi-10.3-2021.10/bin/../lib/gcc/arm-none-eabi/13.3.1/thumb/v7e-m+fp/hard\libg.a(libc_a-memmove.o)
                0x08010a10                memmove
 .text.__assert_func
                0x08010b10       0x40 C:/CLionToolchains/gcc-arm-none-eabi-10.3-2021.10/bin/../lib/gcc/arm-none-eabi/13.3.1/thumb/v7e-m+fp/hard\libg.a(libc_a-assert.o)
                0x08010b10                __assert_func
 .text._calloc_r
                0x08010b50       0x6c C:/CLionToolchains/gcc-arm-none-eabi-10.3-2021.10/bin/../lib/gcc/arm-none-eabi/13.3.1/thumb/v7e-m+fp/hard\libg.a(libc_a-callocr.o)
                0x08010b50                _calloc_r
 .text._realloc_r
                0x08010bbc      0x344 C:/CLionToolchains/gcc-arm-none-eabi-10.3-2021.10/bin/../lib/gcc/arm-none-eabi/13.3.1/thumb/v7e-m+fp/hard\libg.a(libc_a-reallocr.o)
                0x08010bbc                _realloc_r
 .text._wcsnrtombs_l
                0x08010f00       0xfc C:/CLionToolchains/gcc-arm-none-eabi-10.3-2021.10/bin/../lib/gcc/arm-none-eabi/13.3.1/thumb/v7e-m+fp/hard\libg.a(libc_a-wcsnrtombs.o)
                0x08010f00                _wcsnrtombs_l
 .text._wcsnrtombs_r
                0x08010ffc       0x24 C:/CLionToolchains/gcc-arm-none-eabi-10.3-2021.10/bin/../lib/gcc/arm-none-eabi/13.3.1/thumb/v7e-m+fp/hard\libg.a(libc_a-wcsnrtombs.o)
                0x08010ffc                _wcsnrtombs_r
 .text.fiprintf
                0x08011020       0x28 C:/CLionToolchains/gcc-arm-none-eabi-10.3-2021.10/bin/../lib/gcc/arm-none-eabi/13.3.1/thumb/v7e-m+fp/hard\libg.a(libc_a-fiprintf.o)
                0x08011020                fiprintf
 .text._vfiprintf_r